Component: ARM Compiler 5.06 update 5 (build 528) Tool: armlink [4d35e2]

==============================================================================

Section Cross References

    startup_stm32f10x_hd.o(RESET) refers to startup_stm32f10x_hd.o(STACK) for __initial_sp
    startup_stm32f10x_hd.o(RESET) refers to startup_stm32f10x_hd.o(.text) for Reset_Handler
    startup_stm32f10x_hd.o(RESET) refers to stm32f10x_it.o(i.NMI_Handler) for NMI_Handler
    startup_stm32f10x_hd.o(RESET) refers to stm32f10x_it.o(i.HardFault_Handler) for HardFault_Handler
    startup_stm32f10x_hd.o(RESET) refers to stm32f10x_it.o(i.MemManage_Handler) for MemManage_Handler
    startup_stm32f10x_hd.o(RESET) refers to stm32f10x_it.o(i.BusFault_Handler) for BusFault_Handler
    startup_stm32f10x_hd.o(RESET) refers to stm32f10x_it.o(i.UsageFault_Handler) for UsageFault_Handler
    startup_stm32f10x_hd.o(RESET) refers to stm32f10x_it.o(i.SVC_Handler) for SVC_Handler
    startup_stm32f10x_hd.o(RESET) refers to stm32f10x_it.o(i.DebugMon_Handler) for DebugMon_Handler
    startup_stm32f10x_hd.o(RESET) refers to stm32f10x_it.o(i.PendSV_Handler) for PendSV_Handler
    startup_stm32f10x_hd.o(RESET) refers to stm32f10x_it.o(i.SysTick_Handler) for SysTick_Handler
    startup_stm32f10x_hd.o(RESET) refers to stm32f10x_it.o(i.EXTI0_IRQHandler) for EXTI0_IRQHandler
    startup_stm32f10x_hd.o(.text) refers to system_stm32f10x.o(i.SystemInit) for SystemInit
    startup_stm32f10x_hd.o(.text) refers to entry.o(.ARM.Collect$$$$00000000) for __main
    system_stm32f10x.o(i.SetSysClock) refers to system_stm32f10x.o(i.SetSysClockTo72) for SetSysClockTo72
    system_stm32f10x.o(i.SystemCoreClockUpdate) refers to system_stm32f10x.o(.data) for SystemCoreClock
    system_stm32f10x.o(i.SystemInit) refers to system_stm32f10x.o(i.SetSysClock) for SetSysClock
    stm32f10x_adc.o(i.ADC_DeInit) refers to stm32f10x_rcc.o(i.RCC_APB2PeriphResetCmd) for RCC_APB2PeriphResetCmd
    stm32f10x_bkp.o(i.BKP_DeInit) refers to stm32f10x_rcc.o(i.RCC_BackupResetCmd) for RCC_BackupResetCmd
    stm32f10x_can.o(i.CAN_DeInit) refers to stm32f10x_rcc.o(i.RCC_APB1PeriphResetCmd) for RCC_APB1PeriphResetCmd
    stm32f10x_can.o(i.CAN_GetITStatus) refers to stm32f10x_can.o(i.CheckITStatus) for CheckITStatus
    stm32f10x_cec.o(i.CEC_DeInit) refers to stm32f10x_rcc.o(i.RCC_APB1PeriphResetCmd) for RCC_APB1PeriphResetCmd
    stm32f10x_dac.o(i.DAC_DeInit) refers to stm32f10x_rcc.o(i.RCC_APB1PeriphResetCmd) for RCC_APB1PeriphResetCmd
    stm32f10x_flash.o(i.FLASH_EnableWriteProtection) refers to stm32f10x_flash.o(i.FLASH_WaitForLastOperation) for FLASH_WaitForLastOperation
    stm32f10x_flash.o(i.FLASH_EraseAllBank1Pages) refers to stm32f10x_flash.o(i.FLASH_WaitForLastBank1Operation) for FLASH_WaitForLastBank1Operation
    stm32f10x_flash.o(i.FLASH_EraseAllPages) refers to stm32f10x_flash.o(i.FLASH_WaitForLastOperation) for FLASH_WaitForLastOperation
    stm32f10x_flash.o(i.FLASH_EraseOptionBytes) refers to stm32f10x_flash.o(i.FLASH_GetReadOutProtectionStatus) for FLASH_GetReadOutProtectionStatus
    stm32f10x_flash.o(i.FLASH_EraseOptionBytes) refers to stm32f10x_flash.o(i.FLASH_WaitForLastOperation) for FLASH_WaitForLastOperation
    stm32f10x_flash.o(i.FLASH_ErasePage) refers to stm32f10x_flash.o(i.FLASH_WaitForLastOperation) for FLASH_WaitForLastOperation
    stm32f10x_flash.o(i.FLASH_ProgramHalfWord) refers to stm32f10x_flash.o(i.FLASH_WaitForLastOperation) for FLASH_WaitForLastOperation
    stm32f10x_flash.o(i.FLASH_ProgramOptionByteData) refers to stm32f10x_flash.o(i.FLASH_WaitForLastOperation) for FLASH_WaitForLastOperation
    stm32f10x_flash.o(i.FLASH_ProgramWord) refers to stm32f10x_flash.o(i.FLASH_WaitForLastOperation) for FLASH_WaitForLastOperation
    stm32f10x_flash.o(i.FLASH_ReadOutProtection) refers to stm32f10x_flash.o(i.FLASH_WaitForLastOperation) for FLASH_WaitForLastOperation
    stm32f10x_flash.o(i.FLASH_UserOptionByteConfig) refers to stm32f10x_flash.o(i.FLASH_WaitForLastOperation) for FLASH_WaitForLastOperation
    stm32f10x_flash.o(i.FLASH_WaitForLastBank1Operation) refers to stm32f10x_flash.o(i.FLASH_GetBank1Status) for FLASH_GetBank1Status
    stm32f10x_flash.o(i.FLASH_WaitForLastOperation) refers to stm32f10x_flash.o(i.FLASH_GetBank1Status) for FLASH_GetBank1Status
    stm32f10x_gpio.o(i.GPIO_AFIODeInit) refers to stm32f10x_rcc.o(i.RCC_APB2PeriphResetCmd) for RCC_APB2PeriphResetCmd
    stm32f10x_gpio.o(i.GPIO_DeInit) refers to stm32f10x_rcc.o(i.RCC_APB2PeriphResetCmd) for RCC_APB2PeriphResetCmd
    stm32f10x_i2c.o(i.I2C_DeInit) refers to stm32f10x_rcc.o(i.RCC_APB1PeriphResetCmd) for RCC_APB1PeriphResetCmd
    stm32f10x_i2c.o(i.I2C_Init) refers to stm32f10x_rcc.o(i.RCC_GetClocksFreq) for RCC_GetClocksFreq
    stm32f10x_pwr.o(i.PWR_DeInit) refers to stm32f10x_rcc.o(i.RCC_APB1PeriphResetCmd) for RCC_APB1PeriphResetCmd
    stm32f10x_rcc.o(i.RCC_GetClocksFreq) refers to stm32f10x_rcc.o(.data) for APBAHBPrescTable
[...]
    Removing stm32f10x_rcc.o(i.RCC_HCLKConfig), (24 bytes).
    Removing stm32f10x_rcc.o(i.RCC_HSEConfig), (76 bytes).
    Removing stm32f10x_rcc.o(i.RCC_HSICmd), (12 bytes).
    Removing stm32f10x_rcc.o(i.RCC_ITConfig), (32 bytes).
    Removing stm32f10x_rcc.o(i.RCC_LSEConfig), (52 bytes).
    Removing stm32f10x_rcc.o(i.RCC_LSICmd), (12 bytes).
    Removing stm32f10x_rcc.o(i.RCC_MCOConfig), (12 bytes).
    Removing stm32f10x_rcc.o(i.RCC_PCLK1Config), (24 bytes).
    Removing stm32f10x_rcc.o(i.RCC_PCLK2Config), (24 bytes).
    Removing stm32f10x_rcc.o(i.RCC_PLLCmd), (12 bytes).
    Removing stm32f10x_rcc.o(i.RCC_PLLConfig), (28 bytes).
    Removing stm32f10x_rcc.o(i.RCC_RTCCLKCmd), (12 bytes).
    Removing stm32f10x_rcc.o(i.RCC_RTCCLKConfig), (16 bytes).
    Removing stm32f10x_rcc.o(i.RCC_SYSCLKConfig), (24 bytes).
    Removing stm32f10x_rcc.o(i.RCC_USBCLKConfig), (12 bytes).
    Removing stm32f10x_rcc.o(i.RCC_WaitForHSEStartUp), (56 bytes).
    Removing stm32f10x_rcc.o(.data), (20 bytes).
    Removing stm32f10x_rtc.o(i.RTC_ClearFlag), (16 bytes).
    Removing stm32f10x_rtc.o(i.RTC_ClearITPendingBit), (16 bytes).
    Removing stm32f10x_rtc.o(i.RTC_EnterConfigMode), (20 bytes).
    Removing stm32f10x_rtc.o(i.RTC_ExitConfigMode), (20 bytes).
    Removing stm32f10x_rtc.o(i.RTC_GetCounter), (20 bytes).
    Removing stm32f10x_rtc.o(i.RTC_GetDivider), (24 bytes).
    Removing stm32f10x_rtc.o(i.RTC_GetFlagStatus), (24 bytes).
    Removing stm32f10x_rtc.o(i.RTC_GetITStatus), (36 bytes).
    Removing stm32f10x_rtc.o(i.RTC_ITConfig), (32 bytes).
    Removing stm32f10x_rtc.o(i.RTC_SetAlarm), (28 bytes).
    Removing stm32f10x_rtc.o(i.RTC_SetCounter), (28 bytes).
    Removing stm32f10x_rtc.o(i.RTC_SetPrescaler), (32 bytes).
    Removing stm32f10x_rtc.o(i.RTC_WaitForLastTask), (20 bytes).
    Removing stm32f10x_rtc.o(i.RTC_WaitForSynchro), (36 bytes).
    Removing stm32f10x_sdio.o(i.SDIO_CEATAITCmd), (16 bytes).
    Removing stm32f10x_sdio.o(i.SDIO_ClearFlag), (12 bytes).
    Removing stm32f10x_sdio.o(i.SDIO_ClearITPendingBit), (12 bytes).
    Removing stm32f10x_sdio.o(i.SDIO_ClockCmd), (12 bytes).
    Removing stm32f10x_sdio.o(i.SDIO_CmdStructInit), (14 bytes).
    Removing stm32f10x_sdio.o(i.SDIO_CommandCompletionCmd), (12 bytes).
    Removing stm32f10x_sdio.o(i.SDIO_DMACmd), (12 bytes).
    Removing stm32f10x_sdio.o(i.SDIO_DataConfig), (48 bytes).
    Removing stm32f10x_sdio.o(i.SDIO_DataStructInit), (20 bytes).
    Removing stm32f10x_sdio.o(i.SDIO_DeInit), (36 bytes).
    Removing stm32f10x_sdio.o(i.SDIO_GetCommandResponse), (12 bytes).
    Removing stm32f10x_sdio.o(i.SDIO_GetDataCounter), (12 bytes).
    Removing stm32f10x_sdio.o(i.SDIO_GetFIFOCount), (12 bytes).
    Removing stm32f10x_sdio.o(i.SDIO_GetFlagStatus), (24 bytes).
    Removing stm32f10x_sdio.o(i.SDIO_GetITStatus), (24 bytes).
    Removing stm32f10x_sdio.o(i.SDIO_GetPowerState), (16 bytes).
    Removing stm32f10x_sdio.o(i.SDIO_GetResponse), (24 bytes).
    Removing stm32f10x_sdio.o(i.SDIO_ITConfig), (32 bytes).
    Removing stm32f10x_sdio.o(i.SDIO_Init), (48 bytes).
    Removing stm32f10x_sdio.o(i.SDIO_ReadData), (12 bytes).
    Removing stm32f10x_sdio.o(i.SDIO_SendCEATACmd), (12 bytes).
    Removing stm32f10x_sdio.o(i.SDIO_SendCommand), (44 bytes).
    Removing stm32f10x_sdio.o(i.SDIO_SendSDIOSuspendCmd), (12 bytes).
    Removing stm32f10x_sdio.o(i.SDIO_SetPowerState), (28 bytes).
    Removing stm32f10x_sdio.o(i.SDIO_SetSDIOOperation), (12 bytes).
    Removing stm32f10x_sdio.o(i.SDIO_SetSDIOReadWaitMode), (12 bytes).
    Removing stm32f10x_sdio.o(i.SDIO_StartSDIOReadWait), (12 bytes).
    Removing stm32f10x_sdio.o(i.SDIO_StopSDIOReadWait), (12 bytes).
    Removing stm32f10x_sdio.o(i.SDIO_StructInit), (16 bytes).
    Removing stm32f10x_sdio.o(i.SDIO_WriteData), (12 bytes).
    Removing stm32f10x_spi.o(i.I2S_Cmd), (24 bytes).
    Removing stm32f10x_spi.o(i.I2S_Init), (232 bytes).
    Removing stm32f10x_spi.o(i.I2S_StructInit), (20 bytes).
    Removing stm32f10x_spi.o(i.SPI_BiDirectionalLineConfig), (28 bytes).
    Removing stm32f10x_spi.o(i.SPI_CalculateCRC), (24 bytes).
    Removing stm32f10x_spi.o(i.SPI_Cmd), (24 bytes).
    Removing stm32f10x_spi.o(i.SPI_DataSizeConfig), (18 bytes).
    Removing stm32f10x_spi.o(i.SPI_GetCRC), (16 bytes).
    Removing stm32f10x_spi.o(i.SPI_GetCRCPolynomial), (6 bytes).
    Removing stm32f10x_spi.o(i.SPI_I2S_ClearFlag), (6 bytes).
    Removing stm32f10x_spi.o(i.SPI_I2S_ClearITPendingBit), (20 bytes).
    Removing stm32f10x_spi.o(i.SPI_I2S_DMACmd), (18 bytes).
    Removing stm32f10x_spi.o(i.SPI_I2S_DeInit), (88 bytes).
    Removing stm32f10x_spi.o(i.SPI_I2S_GetFlagStatus), (18 bytes).
    Removing stm32f10x_spi.o(i.SPI_I2S_GetITStatus), (52 bytes).
    Removing stm32f10x_spi.o(i.SPI_I2S_ITConfig), (32 bytes).
    Removing stm32f10x_spi.o(i.SPI_I2S_ReceiveData), (6 bytes).
    Removing stm32f10x_spi.o(i.SPI_I2S_SendData), (4 bytes).
    Removing stm32f10x_spi.o(i.SPI_Init), (60 bytes).
    Removing stm32f10x_spi.o(i.SPI_NSSInternalSoftwareConfig), (30 bytes).
    Removing stm32f10x_spi.o(i.SPI_SSOutputCmd), (24 bytes).
    Removing stm32f10x_spi.o(i.SPI_StructInit), (24 bytes).
    Removing stm32f10x_spi.o(i.SPI_TransmitCRC), (10 bytes).
    Removing stm32f10x_tim.o(i.TI1_Config), (128 bytes).
    Removing stm32f10x_tim.o(i.TI2_Config), (152 bytes).
    Removing stm32f10x_tim.o(i.TI3_Config), (144 bytes).
    Removing stm32f10x_tim.o(i.TI4_Config), (152 bytes).
    Removing stm32f10x_tim.o(i.TIM_ARRPreloadConfig), (24 bytes).
    Removing stm32f10x_tim.o(i.TIM_BDTRConfig), (32 bytes).
    Removing stm32f10x_tim.o(i.TIM_BDTRStructInit), (18 bytes).
    Removing stm32f10x_tim.o(i.TIM_CCPreloadControl), (24 bytes).
    Removing stm32f10x_tim.o(i.TIM_CCxCmd), (30 bytes).
    Removing stm32f10x_tim.o(i.TIM_CCxNCmd), (30 bytes).
    Removing stm32f10x_tim.o(i.TIM_ClearFlag), (6 bytes).
    Removing stm32f10x_tim.o(i.TIM_ClearITPendingBit), (6 bytes).
    Removing stm32f10x_tim.o(i.TIM_ClearOC1Ref), (18 bytes).
    Removing stm32f10x_tim.o(i.TIM_ClearOC2Ref), (24 bytes).
    Removing stm32f10x_tim.o(i.TIM_ClearOC3Ref), (18 bytes).
    Removing stm32f10x_tim.o(i.TIM_ClearOC4Ref), (24 bytes).
    Removing stm32f10x_tim.o(i.TIM_Cmd), (24 bytes).
    Removing stm32f10x_tim.o(i.TIM_CounterModeConfig), (18 bytes).
    Removing stm32f10x_tim.o(i.TIM_CtrlPWMOutputs), (30 bytes).
    Removing stm32f10x_tim.o(i.TIM_DMACmd), (18 bytes).
    Removing stm32f10x_tim.o(i.TIM_DMAConfig), (10 bytes).
    Removing stm32f10x_tim.o(i.TIM_DeInit), (488 bytes).
    Removing stm32f10x_tim.o(i.TIM_ETRClockMode1Config), (54 bytes).
    Removing stm32f10x_tim.o(i.TIM_ETRClockMode2Config), (32 bytes).
    Removing stm32f10x_tim.o(i.TIM_ETRConfig), (28 bytes).
    Removing stm32f10x_tim.o(i.TIM_EncoderInterfaceConfig), (66 bytes).
    Removing stm32f10x_tim.o(i.TIM_ForcedOC1Config), (18 bytes).
    Removing stm32f10x_tim.o(i.TIM_ForcedOC2Config), (26 bytes).
    Removing stm32f10x_tim.o(i.TIM_ForcedOC3Config), (18 bytes).
    Removing stm32f10x_tim.o(i.TIM_ForcedOC4Config), (26 bytes).
    Removing stm32f10x_tim.o(i.TIM_GenerateEvent), (4 bytes).
    Removing stm32f10x_tim.o(i.TIM_GetCapture1), (6 bytes).
    Removing stm32f10x_tim.o(i.TIM_GetCapture2), (6 bytes).
    Removing stm32f10x_tim.o(i.TIM_GetCapture3), (6 bytes).
    Removing stm32f10x_tim.o(i.TIM_GetCapture4), (8 bytes).
    Removing stm32f10x_tim.o(i.TIM_GetCounter), (6 bytes).
    Removing stm32f10x_tim.o(i.TIM_GetFlagStatus), (18 bytes).
    Removing stm32f10x_tim.o(i.TIM_GetITStatus), (34 bytes).
    Removing stm32f10x_tim.o(i.TIM_GetPrescaler), (6 bytes).
    Removing stm32f10x_tim.o(i.TIM_ICInit), (172 bytes).
    Removing stm32f10x_tim.o(i.TIM_ICStructInit), (18 bytes).
    Removing stm32f10x_tim.o(i.TIM_ITConfig), (18 bytes).
    Removing stm32f10x_tim.o(i.TIM_ITRxExternalClockConfig), (24 bytes).
    Removing stm32f10x_tim.o(i.TIM_InternalClockConfig), (12 bytes).
    Removing stm32f10x_tim.o(i.TIM_OC1FastConfig), (18 bytes).
    Removing stm32f10x_tim.o(i.TIM_OC1Init), (152 bytes).
    Removing stm32f10x_tim.o(i.TIM_OC1NPolarityConfig), (18 bytes).
    Removing stm32f10x_tim.o(i.TIM_OC1PolarityConfig), (18 bytes).
    Removing stm32f10x_tim.o(i.TIM_OC1PreloadConfig), (18 bytes).
    Removing stm32f10x_tim.o(i.TIM_OC2FastConfig), (26 bytes).
    Removing stm32f10x_tim.o(i.TIM_OC2Init), (164 bytes).
    Removing stm32f10x_tim.o(i.TIM_OC2NPolarityConfig), (26 bytes).
    Removing stm32f10x_tim.o(i.TIM_OC2PolarityConfig), (26 bytes).
    Removing stm32f10x_tim.o(i.TIM_OC2PreloadConfig), (26 bytes).
    Removing stm32f10x_tim.o(i.TIM_OC3FastConfig), (18 bytes).
    Removing stm32f10x_tim.o(i.TIM_OC3Init), (160 bytes).
    Removing stm32f10x_tim.o(i.TIM_OC3NPolarityConfig), (26 bytes).
    Removing stm32f10x_tim.o(i.TIM_OC3PolarityConfig), (26 bytes).
    Removing stm32f10x_tim.o(i.TIM_OC3PreloadConfig), (18 bytes).
    Removing stm32f10x_tim.o(i.TIM_OC4FastConfig), (26 bytes).
    Removing stm32f10x_tim.o(i.TIM_OC4Init), (124 bytes).
    Removing stm32f10x_tim.o(i.TIM_OC4PolarityConfig), (26 bytes).
    Removing stm32f10x_tim.o(i.TIM_OC4PreloadConfig), (26 bytes).
    Removing stm32f10x_tim.o(i.TIM_OCStructInit), (20 bytes).
    Removing stm32f10x_tim.o(i.TIM_PWMIConfig), (124 bytes).
    Removing stm32f10x_tim.o(i.TIM_PrescalerConfig), (6 bytes).
    Removing stm32f10x_tim.o(i.TIM_SelectCCDMA), (24 bytes).
    Removing stm32f10x_tim.o(i.TIM_SelectCOM), (24 bytes).
    Removing stm32f10x_tim.o(i.TIM_SelectHallSensor), (24 bytes).
    Removing stm32f10x_tim.o(i.TIM_SelectInputTrigger), (18 bytes).
    Removing stm32f10x_tim.o(i.TIM_SelectMasterSlaveMode), (18 bytes).
    Removing stm32f10x_tim.o(i.TIM_SelectOCxM), (82 bytes).
    Removing stm32f10x_tim.o(i.TIM_SelectOnePulseMode), (18 bytes).
    Removing stm32f10x_tim.o(i.TIM_SelectOutputTrigger), (18 bytes).
    Removing stm32f10x_tim.o(i.TIM_SelectSlaveMode), (18 bytes).
    Removing stm32f10x_tim.o(i.TIM_SetAutoreload), (4 bytes).
    Removing stm32f10x_tim.o(i.TIM_SetClockDivision), (18 bytes).
    Removing stm32f10x_tim.o(i.TIM_SetCompare1), (4 bytes).
    Removing stm32f10x_tim.o(i.TIM_SetCompare2), (4 bytes).
    Removing stm32f10x_tim.o(i.TIM_SetCompare3), (4 bytes).
    Removing stm32f10x_tim.o(i.TIM_SetCompare4), (6 bytes).
    Removing stm32f10x_tim.o(i.TIM_SetCounter), (4 bytes).
    Removing stm32f10x_tim.o(i.TIM_SetIC1Prescaler), (18 bytes).
    Removing stm32f10x_tim.o(i.TIM_SetIC2Prescaler), (26 bytes).
    Removing stm32f10x_tim.o(i.TIM_SetIC3Prescaler), (18 bytes).
    Removing stm32f10x_tim.o(i.TIM_SetIC4Prescaler), (26 bytes).
    Removing stm32f10x_tim.o(i.TIM_TIxExternalClockConfig), (62 bytes).
    Removing stm32f10x_tim.o(i.TIM_TimeBaseInit), (164 bytes).
    Removing stm32f10x_tim.o(i.TIM_TimeBaseStructInit), (18 bytes).
    Removing stm32f10x_tim.o(i.TIM_UpdateDisableConfig), (24 bytes).
    Removing stm32f10x_tim.o(i.TIM_UpdateRequestConfig), (24 bytes).
    Removing stm32f10x_usart.o(i.USART_ClearFlag), (18 bytes).
    Removing stm32f10x_usart.o(i.USART_ClearITPendingBit), (30 bytes).
    Removing stm32f10x_usart.o(i.USART_ClockInit), (34 bytes).
    Removing stm32f10x_usart.o(i.USART_ClockStructInit), (12 bytes).
    Removing stm32f10x_usart.o(i.USART_Cmd), (24 bytes).
    Removing stm32f10x_usart.o(i.USART_DMACmd), (18 bytes).
    Removing stm32f10x_usart.o(i.USART_DeInit), (156 bytes).
    Removing stm32f10x_usart.o(i.USART_GetFlagStatus), (26 bytes).
    Removing stm32f10x_usart.o(i.USART_GetITStatus), (84 bytes).
    Removing stm32f10x_usart.o(i.USART_HalfDuplexCmd), (24 bytes).
    Removing stm32f10x_usart.o(i.USART_ITConfig), (74 bytes).
    Removing stm32f10x_usart.o(i.USART_Init), (216 bytes).
    Removing stm32f10x_usart.o(i.USART_IrDACmd), (24 bytes).
    Removing stm32f10x_usart.o(i.USART_IrDAConfig), (18 bytes).
    Removing stm32f10x_usart.o(i.USART_LINBreakDetectLengthConfig), (18 bytes).
    Removing stm32f10x_usart.o(i.USART_LINCmd), (24 bytes).
    Removing stm32f10x_usart.o(i.USART_OneBitMethodCmd), (24 bytes).
    Removing stm32f10x_usart.o(i.USART_OverSampling8Cmd), (22 bytes).
    Removing stm32f10x_usart.o(i.USART_ReceiveData), (10 bytes).
    Removing stm32f10x_usart.o(i.USART_ReceiverWakeUpCmd), (24 bytes).
    Removing stm32f10x_usart.o(i.USART_SendBreak), (10 bytes).
    Removing stm32f10x_usart.o(i.USART_SendData), (8 bytes).
    Removing stm32f10x_usart.o(i.USART_SetAddress), (18 bytes).
    Removing stm32f10x_usart.o(i.USART_SetGuardTime), (16 bytes).
    Removing stm32f10x_usart.o(i.USART_SetPrescaler), (16 bytes).
    Removing stm32f10x_usart.o(i.USART_SmartCardCmd), (24 bytes).
    Removing stm32f10x_usart.o(i.USART_SmartCardNACKCmd), (24 bytes).
    Removing stm32f10x_usart.o(i.USART_StructInit), (24 bytes).
    Removing stm32f10x_usart.o(i.USART_WakeUpConfig), (18 bytes).
    Removing stm32f10x_wwdg.o(i.WWDG_ClearFlag), (12 bytes).
    Removing stm32f10x_wwdg.o(i.WWDG_DeInit), (22 bytes).
    Removing stm32f10x_wwdg.o(i.WWDG_Enable), (16 bytes).
    Removing stm32f10x_wwdg.o(i.WWDG_EnableIT), (12 bytes).
    Removing stm32f10x_wwdg.o(i.WWDG_GetFlagStatus), (12 bytes).
    Removing stm32f10x_wwdg.o(i.WWDG_SetCounter), (16 bytes).
    Removing stm32f10x_wwdg.o(i.WWDG_SetPrescaler), (24 bytes).
    Removing stm32f10x_wwdg.o(i.WWDG_SetWindowValue), (40 bytes).
    Removing main.o(i.Running_Light), (66 bytes).
    Removing main.o(i.Temperature_Check), (40 bytes).
    Removing bsp_ili9341_lcd.o(i.ILI9341_DispString_EN), (104 bytes).
    Removing bsp_ili9341_lcd.o(i.ILI9341_DispString_EN_YDir), (104 bytes).
    Removing bsp_ili9341_lcd.o(i.ILI9341_DrawCircle), (312 bytes).
    Removing bsp_ili9341_lcd.o(i.ILI9341_DrawLine), (160 bytes).
    Removing bsp_ili9341_lcd.o(i.ILI9341_DrawRectangle), (136 bytes).
    Removing bsp_ili9341_lcd.o(i.ILI9341_GetPointPixel), (24 bytes).
    Removing bsp_ili9341_lcd.o(i.ILI9341_Read_PixelData), (56 bytes).
    Removing bsp_ili9341_lcd.o(i.ILI9341_SetCursor), (20 bytes).
    Removing bsp_ili9341_lcd.o(i.ILI9341_SetPointPixel), (56 bytes).
    Removing bsp_ili9341_lcd.o(i.LCD_ClearLine), (32 bytes).
    Removing bsp_ili9341_lcd.o(i.LCD_GetColors), (24 bytes).
    Removing bsp_ili9341_lcd.o(i.LCD_SetBackColor), (12 bytes).
    Removing bsp_ili9341_lcd.o(i.LCD_SetTextColor), (12 bytes).
    Removing bsp_usart.o(i.USART_Config), (128 bytes).
    Removing bsp_usart.o(i.fgetc), (32 bytes).
    Removing bsp_usart.o(i.fputc), (36 bytes).
    Removing rc522.o(i.CalulateCRC), (108 bytes).
    Removing rc522.o(i.PcdAuthState), (110 bytes).
    Removing rc522.o(i.PcdHalt), (50 bytes).
    Removing rc522.o(i.PcdInit), (180 bytes).
    Removing rc522.o(i.PcdRead), (84 bytes).
    Removing rc522.o(i.PcdSelect), (114 bytes).
    Removing rc522.o(i.PcdWrite), (146 bytes).
    Removing rc522.o(i.RCC52_first_test), (100 bytes).
    Removing rc522.o(i.Test_ReadRawRC), (52 bytes).
    Removing rc522.o(i.WaitCardOff), (50 bytes).
    Removing rc522.o(i.test_WriteRawRC), (332 bytes).
    Removing myspi.o(i.MySPI_ReadMISO), (16 bytes).
    Removing myspi.o(i.MySPI_Start), (16 bytes).
    Removing myspi.o(i.MySPI_Stop), (16 bytes).
    Removing myspi.o(i.MySPI_WriteMOSI), (32 bytes).
    Removing myspi.o(i.MySPI_WriteRST), (36 bytes).
    Removing myspi.o(i.MySpi_Swapbyte), (66 bytes).
    Removing mlx90614.o(i.MLX90614_SoftReset), (76 bytes).
    Removing mlx90614.o(i.Set_SDA_Output_Mode), (36 bytes).
    Removing mlx90614.o(i.ack_adjust), (108 bytes).
    Removing mlx90614.o(i.first_iic_test), (18 bytes).
    Removing buzzer.o(i.BUZZER_Beep), (20 bytes).
    Removing led.o(i.LED_AllOn), (16 bytes).
    Removing led.o(i.LED_Set), (64 bytes).
    Removing cfcmple.o(.text), (20 bytes).

506 unused section(s) (total 22106 bytes) removed from the image.

==============================================================================

Image Symbol Table

    Local Symbols

    Symbol Name                              Value     Ov Type        Size  Object(Section)

    ../clib/microlib/division.c              0x00000000   Number         0  uldiv.o ABSOLUTE
    ../clib/microlib/division.c              0x00000000   Number         0  uidiv.o ABSOLUTE
    ../clib/microlib/init/entry.s            0x00000000   Number         0  entry7a.o ABSOLUTE
    ../clib/microlib/init/entry.s            0x00000000   Number         0  entry7b.o ABSOLUTE
    ../clib/microlib/init/entry.s            0x00000000   Number         0  entry8a.o ABSOLUTE
    ../clib/microlib/init/entry.s            0x00000000   Number         0  entry8b.o ABSOLUTE
    ../clib/microlib/init/entry.s            0x00000000   Number         0  entry11a.o ABSOLUTE
    ../clib/microlib/init/entry.s            0x00000000   Number         0  entry9a.o ABSOLUTE
    ../clib/microlib/init/entry.s            0x00000000   Number         0  entry9b.o ABSOLUTE
    ../clib/microlib/init/entry.s            0x00000000   Number         0  entry10a.o ABSOLUTE
    ../clib/microlib/init/entry.s            0x00000000   Number         0  entry11b.o ABSOLUTE
    ../clib/microlib/init/entry.s            0x00000000   Number         0  entry.o ABSOLUTE
    ../clib/microlib/init/entry.s            0x00000000   Number         0  entry2.o ABSOLUTE
    ../clib/microlib/init/entry.s            0x00000000   Number         0  entry5.o ABSOLUTE
    ../clib/microlib/init/entry.s            0x00000000   Number         0  entry10b.o ABSOLUTE
    ../clib/microlib/longlong.c              0x00000000   Number         0  llshl.o ABSOLUTE
    ../clib/microlib/longlong.c              0x00000000   Number         0  llushr.o ABSOLUTE
    ../clib/microlib/longlong.c              0x00000000   Number         0  llsshr.o ABSOLUTE
    ../clib/microlib/printf/printf.c         0x00000000   Number         0  printf1.o ABSOLUTE
    ../clib/microlib/printf/printf.c         0x00000000   Number         0  printf0.o ABSOLUTE
    ../clib/microlib/printf/printf.c         0x00000000   Number         0  printf6.o ABSOLUTE
    ../clib/microlib/printf/printf.c         0x00000000   Number         0  printf2.o ABSOLUTE
    ../clib/microlib/printf/printf.c         0x00000000   Number         0  printfb.o ABSOLUTE
    ../clib/microlib/printf/printf.c         0x00000000   Number         0  printf5.o ABSOLUTE
    ../clib/microlib/printf/printf.c         0x00000000   Number         0  printf4.o ABSOLUTE
    ../clib/microlib/printf/printf.c         0x00000000   Number         0  printf3.o ABSOLUTE
    ../clib/microlib/printf/printf.c         0x00000000   Number         0  printfa.o ABSOLUTE
    ../clib/microlib/printf/printf.c         0x00000000   Number         0  printf8.o ABSOLUTE
    ../clib/microlib/printf/printf.c         0x00000000   Number         0  printf7.o ABSOLUTE
    ../clib/microlib/printf/stubs.s          0x00000000   Number         0  stubs.o ABSOLUTE
    ../clib/microlib/stdio/streams.c         0x00000000   Number         0  stdout.o ABSOLUTE
    ../clib/microlib/string/memset.c         0x00000000   Number         0  memseta.o ABSOLUTE
    ../clib/microlib/stubs.s                 0x00000000   Number         0  iusefp.o ABSOLUTE
    ../fplib/microlib/d2f.c                  0x00000000   Number         0  d2f.o ABSOLUTE
    ../fplib/microlib/f2d.c                  0x00000000   Number         0  f2d.o ABSOLUTE
    ../fplib/microlib/fpadd.c                0x00000000   Number         0  dadd.o ABSOLUTE
    ../fplib/microlib/fpdiv.c                0x00000000   Number         0  ddiv.o ABSOLUTE
    ../fplib/microlib/fpepilogue.c           0x00000000   Number         0  fepilogue.o ABSOLUTE
    ../fplib/microlib/fpepilogue.c           0x00000000   Number         0  depilogue.o ABSOLUTE
    ../fplib/microlib/fpfix.c                0x00000000   Number         0  dfixul.o ABSOLUTE
    ../fplib/microlib/fpflt.c                0x00000000   Number         0  dfltui.o ABSOLUTE
    ../fplib/microlib/fpmul.c                0x00000000   Number         0  dmul.o ABSOLUTE
    ..\..\Libraries\CMSIS\startup\startup_stm32f10x_hd.s 0x00000000   Number         0  startup_stm32f10x_hd.o ABSOLUTE
    ..\..\Libraries\CMSIS\system_stm32f10x.c 0x00000000   Number         0  system_stm32f10x.o ABSOLUTE
    ..\..\Libraries\FWlib\src\misc.c         0x00000000   Number         0  misc.o ABSOLUTE
    ..\..\Libraries\FWlib\src\stm32f10x_adc.c 0x00000000   Number         0  stm32f10x_adc.o ABSOLUTE
    ..\..\Libraries\FWlib\src\stm32f10x_bkp.c 0x00000000   Number         0  stm32f10x_bkp.o ABSOLUTE
    ..\..\Libraries\FWlib\src\stm32f10x_can.c 0x00000000   Number         0  stm32f10x_can.o ABSOLUTE
    ..\..\Libraries\FWlib\src\stm32f10x_cec.c 0x00000000   Number         0  stm32f10x_cec.o ABSOLUTE
    ..\..\Libraries\FWlib\src\stm32f10x_crc.c 0x00000000   Number         0  stm32f10x_crc.o ABSOLUTE
    ..\..\Libraries\FWlib\src\stm32f10x_dac.c 0x00000000   Number         0  stm32f10x_dac.o ABSOLUTE
    ..\..\Libraries\FWlib\src\stm32f10x_dbgmcu.c 0x00000000   Number         0  stm32f10x_dbgmcu.o ABSOLUTE
    ..\..\Libraries\FWlib\src\stm32f10x_dma.c 0x00000000   Number         0  stm32f10x_dma.o ABSOLUTE
    ..\..\Libraries\FWlib\src\stm32f10x_exti.c 0x00000000   Number         0  stm32f10x_exti.o ABSOLUTE
    ..\..\Libraries\FWlib\src\stm32f10x_flash.c 0x00000000   Number         0  stm32f10x_flash.o ABSOLUTE
    ..\..\Libraries\FWlib\src\stm32f10x_fsmc.c 0x00000000   Number         0  stm32f10x_fsmc.o ABSOLUTE
    ..\..\Libraries\FWlib\src\stm32f10x_gpio.c 0x00000000   Number         0  stm32f10x_gpio.o ABSOLUTE
    ..\..\Libraries\FWlib\src\stm32f10x_i2c.c 0x00000000   Number         0  stm32f10x_i2c.o ABSOLUTE
    ..\..\Libraries\FWlib\src\stm32f10x_iwdg.c 0x00000000   Number         0  stm32f10x_iwdg.o ABSOLUTE
    ..\..\Libraries\FWlib\src\stm32f10x_pwr.c 0x00000000   Number         0  stm32f10x_pwr.o ABSOLUTE
    ..\..\Libraries\FWlib\src\stm32f10x_rcc.c 0x00000000   Number         0  stm32f10x_rcc.o ABSOLUTE
    ..\..\Libraries\FWlib\src\stm32f10x_rtc.c 0x00000000   Number         0  stm32f10x_rtc.o ABSOLUTE
    ..\..\Libraries\FWlib\src\stm32f10x_sdio.c 0x00000000   Number         0  stm32f10x_sdio.o ABSOLUTE
    ..\..\Libraries\FWlib\src\stm32f10x_spi.c 0x00000000   Number         0  stm32f10x_spi.o ABSOLUTE
    ..\..\Libraries\FWlib\src\stm32f10x_tim.c 0x00000000   Number         0  stm32f10x_tim.o ABSOLUTE
    ..\..\Libraries\FWlib\src\stm32f10x_usart.c 0x00000000   Number         0  stm32f10x_usart.o ABSOLUTE
    ..\..\Libraries\FWlib\src\stm32f10x_wwdg.c 0x00000000   Number         0  stm32f10x_wwdg.o ABSOLUTE
    ..\..\User\BUZZER.c                      0x00000000   Number         0  buzzer.o ABSOLUTE
    ..\..\User\Delay.c                       0x00000000   Number         0  delay.o ABSOLUTE
    ..\..\User\Key_exit.c                    0x00000000   Number         0  key_exit.o ABSOLUTE
    ..\..\User\LED.c                         0x00000000   Number         0  led.o ABSOLUTE
    ..\..\User\Lcd\bsp_ili9341_lcd.c         0x00000000   Number         0  bsp_ili9341_lcd.o ABSOLUTE
    ..\..\User\MLX90614.c                    0x00000000   Number         0  mlx90614.o ABSOLUTE
    ..\..\User\MySPI\MySPI.c                 0x00000000   Number         0  myspi.o ABSOLUTE
    ..\..\User\RC522\RC522.c                 0x00000000   Number         0  rc522.o ABSOLUTE
    ..\..\User\Relay.c                       0x00000000   Number         0  relay.o ABSOLUTE
    ..\..\User\font\fonts.c                  0x00000000   Number         0  fonts.o ABSOLUTE
    ..\..\User\main.c                        0x00000000   Number         0  main.o ABSOLUTE
    ..\..\User\stm32f10x_it.c                0x00000000   Number         0  stm32f10x_it.o ABSOLUTE
    ..\..\User\usart\bsp_usart.c             0x00000000   Number         0  bsp_usart.o ABSOLUTE
    cdcmple.s                                0x00000000   Number         0  cdcmple.o ABSOLUTE
    cdrcmple.s                               0x00000000   Number         0  cdrcmple.o ABSOLUTE
    cfcmple.s                                0x00000000   Number         0  cfcmple.o ABSOLUTE
    cfrcmple.s                               0x00000000   Number         0  cfrcmple.o ABSOLUTE
    dc.s                                     0x00000000   Number         0  dc.o ABSOLUTE
    handlers.s                               0x00000000   Number         0  handlers.o ABSOLUTE
    init.s                                   0x00000000   Number         0  init.o ABSOLUTE
    RESET                                    0x08000000   Section      304  startup_stm32f10x_hd.o(RESET)
    .ARM.Collect$$$$00000000                 0x08000130   Section        0  entry.o(.ARM.Collect$$$$00000000)
    .ARM.Collect$$$$00000001                 0x08000130   Section        4  entry2.o(.ARM.Collect$$$$00000001)
    .ARM.Collect$$$$00000004                 0x08000134   Section        4  entry5.o(.ARM.Collect$$$$00000004)
    .ARM.Collect$$$$00000008                 0x08000138   Section        0  entry7b.o(.ARM.Collect$$$$00000008)
    .ARM.Collect$$$$0000000A                 0x08000138   Section        0  entry8b.o(.ARM.Collect$$$$0000000A)
    .ARM.Collect$$$$0000000B                 0x08000138   Section        8  entry9a.o(.ARM.Collect$$$$0000000B)
    .ARM.Collect$$$$0000000D                 0x08000140   Section        0  entry10a.o(.ARM.Collect$$$$0000000D)
    .ARM.Collect$$$$0000000F                 0x08000140   Section        0  entry11a.o(.ARM.Collect$$$$0000000F)
    .ARM.Collect$$$$00002712                 0x08000140   Section        4  entry2.o(.ARM.Collect$$$$00002712)
    __lit__00000000                          0x08000140   Data           4  entry2.o(.ARM.Collect$$$$00002712)
    .text                                    0x08000144   Section       36  startup_stm32f10x_hd.o(.text)
    .text                                    0x08000168   Section        0  memseta.o(.text)
    .text                                    0x0800018c   Section        0  dadd.o(.text)
    .text                                    0x080002da   Section        0  dmul.o(.text)
    .text                                    0x080003be   Section        0  dfltui.o(.text)
    .text                                    0x080003d8   Section        0  f2d.o(.text)
    .text                                    0x08000400   Section       48  cdcmple.o(.text)
    .text                                    0x08000430   Section        0  d2f.o(.text)
    .text                                    0x08000468   Section       20  cfrcmple.o(.text)
    .text                                    0x0800047c   Section        0  uidiv.o(.text)
    .text                                    0x080004a8   Section        0  uldiv.o(.text)
    .text                                    0x0800050a   Section        0  llshl.o(.text)
    .text                                    0x08000528   Section        0  llsshr.o(.text)
    .text                                    0x0800054c   Section        0  iusefp.o(.text)
    .text                                    0x0800054c   Section        0  fepilogue.o(.text)
    .text                                    0x080005ba   Section        0  depilogue.o(.text)
    .text                                    0x08000674   Section        0  ddiv.o(.text)
    .text                                    0x08000752   Section        0  dfixul.o(.text)
    .text                                    0x08000784   Section       48  cdrcmple.o(.text)
    .text                                    0x080007b4   Section       36  init.o(.text)
    .text                                    0x080007d8   Section        0  llushr.o(.text)
    i.Adjust_if_card_knowm                   0x080007f8   Section        0  rc522.o(i.Adjust_if_card_knowm)
    i.After_Found_Card                       0x0800083c   Section        0  main.o(i.After_Found_Card)
    i.BUZZER_Init                            0x080009c4   Section        0  buzzer.o(i.BUZZER_Init)
    i.BUZZER_Off                             0x080009fc   Section        0  buzzer.o(i.BUZZER_Off)
    i.BUZZER_On                              0x08000a10   Section        0  buzzer.o(i.BUZZER_On)
    i.BusFault_Handler                       0x08000a24   Section        0  stm32f10x_it.o(i.BusFault_Handler)
    i.Change_Use_Mode                        0x08000a28   Section        0  key_exit.o(i.Change_Use_Mode)
    i.Change_relay_status                    0x08000a50   Section        0  relay.o(i.Change_relay_status)
    i.ClearBitMask                           0x08000a68   Section        0  rc522.o(i.ClearBitMask)
    i.DebugMon_Handler                       0x08000a84   Section        0  stm32f10x_it.o(i.DebugMon_Handler)
    i.Delay                                  0x08000a86   Section        0  main.o(i.Delay)
    Delay                                    0x08000a87   Thumb Code    18  main.o(i.Delay)
    i.Delay_ms                               0x08000a98   Section        0  myspi.o(i.Delay_ms)
    i.Delay_us                               0x08000ab8   Section        0  mlx90614.o(i.Delay_us)
    i.EXTI0_IRQHandler                       0x08000ada   Section        0  stm32f10x_it.o(i.EXTI0_IRQHandler)
    i.EXTI_ClearITPendingBit                 0x08000aec   Section        0  stm32f10x_exti.o(i.EXTI_ClearITPendingBit)
    i.EXTI_Init                              0x08000af8   Section        0  stm32f10x_exti.o(i.EXTI_Init)
    i.FSMC_NORSRAMCmd                        0x08000b8c   Section        0  stm32f10x_fsmc.o(i.FSMC_NORSRAMCmd)
    i.FSMC_NORSRAMInit                       0x08000bc0   Section        0  stm32f10x_fsmc.o(i.FSMC_NORSRAMInit)
    i.GPIO_EXTILineConfig                    0x08000ca8   Section        0  stm32f10x_gpio.o(i.GPIO_EXTILineConfig)
    i.GPIO_Init                              0x08000ce8   Section        0  stm32f10x_gpio.o(i.GPIO_Init)
    i.GPIO_ReadInputDataBit                  0x08000dfe   Section        0  stm32f10x_gpio.o(i.GPIO_ReadInputDataBit)
    i.GPIO_ResetBits                         0x08000e10   Section        0  stm32f10x_gpio.o(i.GPIO_ResetBits)
    i.GPIO_SetBits                           0x08000e14   Section        0  stm32f10x_gpio.o(i.GPIO_SetBits)
    i.HardFault_Handler                      0x08000e18   Section        0  stm32f10x_it.o(i.HardFault_Handler)
    i.I2C_Read_Byte                          0x08000e1c   Section        0  mlx90614.o(i.I2C_Read_Byte)
    i.I2C_Send_Byte                          0x08000e90   Section        0  mlx90614.o(i.I2C_Send_Byte)
    i.I2C_Software_GPIO_Init                 0x08000f04   Section        0  mlx90614.o(i.I2C_Software_GPIO_Init)
    i.ILI9341_BackLed_Control                0x08000f40   Section        0  bsp_ili9341_lcd.o(i.ILI9341_BackLed_Control)
    i.ILI9341_Clear                          0x08000f64   Section        0  bsp_ili9341_lcd.o(i.ILI9341_Clear)
    i.ILI9341_Delay                          0x08000f90   Section        0  bsp_ili9341_lcd.o(i.ILI9341_Delay)
    ILI9341_Delay                            0x08000f91   Thumb Code    18  bsp_ili9341_lcd.o(i.ILI9341_Delay)
    i.ILI9341_DispChar_EN                    0x08000fa4   Section        0  bsp_ili9341_lcd.o(i.ILI9341_DispChar_EN)
    i.ILI9341_DispStringLine_EN              0x0800103c   Section        0  bsp_ili9341_lcd.o(i.ILI9341_DispStringLine_EN)
    i.ILI9341_FSMC_Config                    0x080010a4   Section        0  bsp_ili9341_lcd.o(i.ILI9341_FSMC_Config)
    ILI9341_FSMC_Config                      0x080010a5   Thumb Code   110  bsp_ili9341_lcd.o(i.ILI9341_FSMC_Config)
    i.ILI9341_FillColor                      0x08001112   Section        0  bsp_ili9341_lcd.o(i.ILI9341_FillColor)
    ILI9341_FillColor                        0x08001113   Thumb Code    32  bsp_ili9341_lcd.o(i.ILI9341_FillColor)
    i.ILI9341_GPIO_Config                    0x08001134   Section        0  bsp_ili9341_lcd.o(i.ILI9341_GPIO_Config)
    ILI9341_GPIO_Config                      0x08001135   Thumb Code   398  bsp_ili9341_lcd.o(i.ILI9341_GPIO_Config)
    i.ILI9341_GramScan                       0x080012cc   Section        0  bsp_ili9341_lcd.o(i.ILI9341_GramScan)
    i.ILI9341_Init                           0x080013ac   Section        0  bsp_ili9341_lcd.o(i.ILI9341_Init)
    i.ILI9341_OpenWindow                     0x080013e0   Section        0  bsp_ili9341_lcd.o(i.ILI9341_OpenWindow)
    i.ILI9341_REG_Config                     0x08001440   Section        0  bsp_ili9341_lcd.o(i.ILI9341_REG_Config)
    ILI9341_REG_Config                       0x08001441   Thumb Code  1098  bsp_ili9341_lcd.o(i.ILI9341_REG_Config)
    i.ILI9341_ReadID                         0x08001890   Section        0  bsp_ili9341_lcd.o(i.ILI9341_ReadID)
    i.ILI9341_Read_Data                      0x08001900   Section        0  bsp_ili9341_lcd.o(i.ILI9341_Read_Data)
    i.ILI9341_Rst                            0x0800190c   Section        0  bsp_ili9341_lcd.o(i.ILI9341_Rst)
    i.ILI9341_Write_Cmd                      0x08001934   Section        0  bsp_ili9341_lcd.o(i.ILI9341_Write_Cmd)
    i.ILI9341_Write_Data                     0x0800193c   Section        0  bsp_ili9341_lcd.o(i.ILI9341_Write_Data)
    i.KEY_EXTI_Init                          0x08001948   Section        0  key_exit.o(i.KEY_EXTI_Init)
    i.LCD_GetFont                            0x080019c0   Section        0  bsp_ili9341_lcd.o(i.LCD_GetFont)
    i.LCD_SetColors                          0x080019cc   Section        0  bsp_ili9341_lcd.o(i.LCD_SetColors)
    i.LCD_SetFont                            0x080019e0   Section        0  bsp_ili9341_lcd.o(i.LCD_SetFont)
    i.LCD_screen_fonts_init                  0x080019ec   Section        0  bsp_ili9341_lcd.o(i.LCD_screen_fonts_init)
    i.LED_AllOff                             0x08001a2c   Section        0  led.o(i.LED_AllOff)
    i.LED_Blue_On                            0x08001a3c   Section        0  led.o(i.LED_Blue_On)
    i.LED_Cyan_On                            0x08001a54   Section        0  led.o(i.LED_Cyan_On)
    i.LED_Flash                              0x08001a6c   Section        0  led.o(i.LED_Flash)
    i.LED_Green_On                           0x08001b8c   Section        0  led.o(i.LED_Green_On)
    i.LED_Init                               0x08001ba4   Section        0  led.o(i.LED_Init)
    i.LED_Purple_On                          0x08001bd8   Section        0  led.o(i.LED_Purple_On)
    i.LED_Red_On                             0x08001bf0   Section        0  led.o(i.LED_Red_On)
    i.LED_White_On                           0x08001c08   Section        0  led.o(i.LED_White_On)
    i.LED_Yellow_On                          0x08001c18   Section        0  led.o(i.LED_Yellow_On)
    i.M500PcdConfigISOType                   0x08001c30   Section        0  rc522.o(i.M500PcdConfigISOType)
    i.MLX90614_STOP                          0x08001c8c   Section        0  mlx90614.o(i.MLX90614_STOP)
    i.MLX90614_Send_COMMAND                  0x08001cb6   Section        0  mlx90614.o(i.MLX90614_Send_COMMAND)
    i.MLX90614_Send_SA_R                     0x08001cc0   Section        0  mlx90614.o(i.MLX90614_Send_SA_R)
    i.MLX90614_Send_SA_W                     0x08001cca   Section        0  mlx90614.o(i.MLX90614_Send_SA_W)
    i.MLX906_START                           0x08001cd4   Section        0  mlx90614.o(i.MLX906_START)
    i.MLX9_LCD_show_temperature              0x08001d00   Section        0  mlx90614.o(i.MLX9_LCD_show_temperature)
    i.MemManage_Handler                      0x08001dc0   Section        0  stm32f10x_it.o(i.MemManage_Handler)
    i.MySPI_Init                             0x08001dc4   Section        0  myspi.o(i.MySPI_Init)
    i.MySPI_WriteCS                          0x08001e10   Section        0  myspi.o(i.MySPI_WriteCS)
    i.MySPI_WriteSCK                         0x08001e30   Section        0  myspi.o(i.MySPI_WriteSCK)
    i.NMI_Handler                            0x08001e50   Section        0  stm32f10x_it.o(i.NMI_Handler)
    i.NVIC_Init                              0x08001e54   Section        0  misc.o(i.NVIC_Init)
    i.NVIC_PriorityGroupConfig               0x08001ec4   Section        0  misc.o(i.NVIC_PriorityGroupConfig)
    i.PcdAntennaOff                          0x08001ed8   Section        0  rc522.o(i.PcdAntennaOff)
    i.PcdAntennaOn                           0x08001ee4   Section        0  rc522.o(i.PcdAntennaOn)
    i.PcdAnticoll                            0x08001efe   Section        0  rc522.o(i.PcdAnticoll)
    i.PcdComMF522                            0x08001f6e   Section        0  rc522.o(i.PcdComMF522)
    i.PcdRequest                             0x080020a0   Section        0  rc522.o(i.PcdRequest)
    i.PcdReset                               0x080020f4   Section        0  rc522.o(i.PcdReset)
    i.PendSV_Handler                         0x0800216c   Section        0  stm32f10x_it.o(i.PendSV_Handler)
    i.RCC_AHBPeriphClockCmd                  0x08002170   Section        0  stm32f10x_rcc.o(i.RCC_AHBPeriphClockCmd)
    i.RCC_APB2PeriphClockCmd                 0x08002190   Section        0  stm32f10x_rcc.o(i.RCC_APB2PeriphClockCmd)
    i.RFID_Init                              0x080021b0   Section        0  rc522.o(i.RFID_Init)
    i.RST_refresh                            0x080021c8   Section        0  myspi.o(i.RST_refresh)
    i.Rc522Test                              0x080021f0   Section        0  rc522.o(i.Rc522Test)
    i.ReadRawRC                              0x08002380   Section        0  rc522.o(i.ReadRawRC)
    i.Relay_GPIO_Config                      0x0800241c   Section        0  relay.o(i.Relay_GPIO_Config)
    i.Relay_Off                              0x08002454   Section        0  relay.o(i.Relay_Off)
    i.Relay_On                               0x08002470   Section        0  relay.o(i.Relay_On)
    i.SVC_Handler                            0x0800248c   Section        0  stm32f10x_it.o(i.SVC_Handler)
    i.SetBitMask                             0x0800248e   Section        0  rc522.o(i.SetBitMask)
    i.SetSysClock                            0x080024aa   Section        0  system_stm32f10x.o(i.SetSysClock)
    SetSysClock                              0x080024ab   Thumb Code     8  system_stm32f10x.o(i.SetSysClock)
    i.SetSysClockTo72                        0x080024b4   Section        0  system_stm32f10x.o(i.SetSysClockTo72)
    SetSysClockTo72                          0x080024b5   Thumb Code   214  system_stm32f10x.o(i.SetSysClockTo72)
    i.Set_SCL_Output_High                    0x08002594   Section        0  mlx90614.o(i.Set_SCL_Output_High)
    i.Set_SCL_Output_Low                     0x080025a4   Section        0  mlx90614.o(i.Set_SCL_Output_Low)
    i.Set_SDA_Input_Mode                     0x080025b4   Section        0  mlx90614.o(i.Set_SDA_Input_Mode)
    i.Set_SDA_Output_High                    0x080025d8   Section        0  mlx90614.o(i.Set_SDA_Output_High)
    i.Set_SDA_Output_Low                     0x080025e8   Section        0  mlx90614.o(i.Set_SDA_Output_Low)
    i.Set_SDA_Output_OpenDrain               0x080025f8   Section        0  mlx90614.o(i.Set_SDA_Output_OpenDrain)
    i.Show_User_Mode                         0x0800261c   Section        0  main.o(i.Show_User_Mode)
    i.SysTick_Handler                        0x080027a8   Section        0  stm32f10x_it.o(i.SysTick_Handler)
    i.SystemInit                             0x080027ac   Section        0  system_stm32f10x.o(i.SystemInit)
    i.UsageFault_Handler                     0x0800280c   Section        0  stm32f10x_it.o(i.UsageFault_Handler)
    i.WriteRawRC                             0x08002810   Section        0  rc522.o(i.WriteRawRC)
    i.__0sprintf                             0x080028b8   Section        0  printfa.o(i.__0sprintf)
    i.__scatterload_copy                     0x080028e0   Section       14  handlers.o(i.__scatterload_copy)
    i.__scatterload_null                     0x080028ee   Section        2  handlers.o(i.__scatterload_null)
    i.__scatterload_zeroinit                 0x080028f0   Section       14  handlers.o(i.__scatterload_zeroinit)
    i._fp_digits                             0x08002900   Section        0  printfa.o(i._fp_digits)
    _fp_digits                               0x08002901   Thumb Code   366  printfa.o(i._fp_digits)
    i._printf_core                           0x08002a84   Section        0  printfa.o(i._printf_core)
    _printf_core                             0x08002a85   Thumb Code  1744  printfa.o(i._printf_core)
    i._printf_post_padding                   0x08003160   Section        0  printfa.o(i._printf_post_padding)
    _printf_post_padding                     0x08003161   Thumb Code    36  printfa.o(i._printf_post_padding)
    i._printf_pre_padding                    0x08003184   Section        0  printfa.o(i._printf_pre_padding)
    _printf_pre_padding                      0x08003185   Thumb Code    46  printfa.o(i._printf_pre_padding)
    i._sputc                                 0x080031b2   Section        0  printfa.o(i._sputc)
    _sputc                                   0x080031b3   Thumb Code    10  printfa.o(i._sputc)
    i.delay_10ms                             0x080031bc   Section        0  delay.o(i.delay_10ms)
    i.main                                   0x080031d8   Section        0  main.o(i.main)
    .constdata                               0x080032b0   Section    15200  fonts.o(.constdata)
    .data                                    0x20000000   Section       28  main.o(.data)
    .data                                    0x2000001c   Section       17  bsp_ili9341_lcd.o(.data)
    LCD_Currentfonts                         0x20000024   Data           4  bsp_ili9341_lcd.o(.data)
    CurrentTextColor                         0x20000028   Data           2  bsp_ili9341_lcd.o(.data)
    CurrentBackColor                         0x2000002a   Data           2  bsp_ili9341_lcd.o(.data)
    testCNT                                  0x2000002c   Data           1  bsp_ili9341_lcd.o(.data)
    .data                                    0x20000030   Section       24  fonts.o(.data)
    .data                                    0x20000048   Section       48  rc522.o(.data)
    last_ret                                 0x20000074   Data           4  rc522.o(.data)
    STACK                                    0x20000078   Section     1024  startup_stm32f10x_hd.o(STACK)

    Global Symbols

    Symbol Name                              Value     Ov Type        Size  Object(Section)

    BuildAttributes$$THM_ISAv4$P$D$K$B$S$PE$A:L22UL41UL21$X:L11$S22US41US21$IEEE1$IW$USESV6$~STKCKD$USESV7$~SHL$OTIME$ROPI$EBA8$MICROLIB$REQ8$PRES8$EABIv2 0x00000000   Number         0  anon$$obj.o ABSOLUTE
    __ARM_use_no_argv                        0x00000000   Number         0  main.o ABSOLUTE
    _printf_a                                0x00000000   Number         0  stubs.o ABSOLUTE
    _printf_c                                0x00000000   Number         0  stubs.o ABSOLUTE
    _printf_charcount                        0x00000000   Number         0  stubs.o ABSOLUTE
    _printf_d                                0x00000000   Number         0  stubs.o ABSOLUTE
    _printf_e                                0x00000000   Number         0  stubs.o ABSOLUTE
    _printf_f                                0x00000000   Number         0  stubs.o ABSOLUTE
    _printf_flags                            0x00000000   Number         0  stubs.o ABSOLUTE
    _printf_fp_dec                           0x00000000   Number         0  stubs.o ABSOLUTE
    _printf_fp_hex                           0x00000000   Number         0  stubs.o ABSOLUTE
    _printf_g                                0x00000000   Number         0  stubs.o ABSOLUTE
    _printf_i                                0x00000000   Number         0  stubs.o ABSOLUTE
    _printf_int_dec                          0x00000000   Number         0  stubs.o ABSOLUTE
    _printf_l                                0x00000000   Number         0  stubs.o ABSOLUTE
    _printf_lc                               0x00000000   Number         0  stubs.o ABSOLUTE
    _printf_ll                               0x00000000   Number         0  stubs.o ABSOLUTE
    _printf_lld                              0x00000000   Number         0  stubs.o ABSOLUTE
    _printf_lli                              0x00000000   Number         0  stubs.o ABSOLUTE
    _printf_llo                              0x00000000   Number         0  stubs.o ABSOLUTE
    _printf_llu                              0x00000000   Number         0  stubs.o ABSOLUTE
    _printf_llx                              0x00000000   Number         0  stubs.o ABSOLUTE
    _printf_longlong_dec                     0x00000000   Number         0  stubs.o ABSOLUTE
    _printf_longlong_hex                     0x00000000   Number         0  stubs.o ABSOLUTE
    _printf_longlong_oct                     0x00000000   Number         0  stubs.o ABSOLUTE
    _printf_ls                               0x00000000   Number         0  stubs.o ABSOLUTE
    _printf_mbtowc                           0x00000000   Number         0  stubs.o ABSOLUTE
    _printf_n                                0x00000000   Number         0  stubs.o ABSOLUTE
    _printf_o                                0x00000000   Number         0  stubs.o ABSOLUTE
    _printf_p                                0x00000000   Number         0  stubs.o ABSOLUTE
    _printf_percent                          0x00000000   Number         0  stubs.o ABSOLUTE
    _printf_pre_padding                      0x00000000   Number         0  stubs.o ABSOLUTE
    _printf_return_value                     0x00000000   Number         0  stubs.o ABSOLUTE
    _printf_s                                0x00000000   Number         0  stubs.o ABSOLUTE
    _printf_sizespec                         0x00000000   Number         0  stubs.o ABSOLUTE
    _printf_str                              0x00000000   Number         0  stubs.o ABSOLUTE
    _printf_truncate_signed                  0x00000000   Number         0  stubs.o ABSOLUTE
    _printf_truncate_unsigned                0x00000000   Number         0  stubs.o ABSOLUTE
    _printf_u                                0x00000000   Number         0  stubs.o ABSOLUTE
    _printf_wc                               0x00000000   Number         0  stubs.o ABSOLUTE
    _printf_wctomb                           0x00000000   Number         0  stubs.o ABSOLUTE
    _printf_widthprec                        0x00000000   Number         0  stubs.o ABSOLUTE
    _printf_x                                0x00000000   Number         0  stubs.o ABSOLUTE
    __cpp_initialize__aeabi_                  - Undefined Weak Reference
    __cxa_finalize                            - Undefined Weak Reference
    __decompress                              - Undefined Weak Reference
    _clock_init                               - Undefined Weak Reference
    _microlib_exit                            - Undefined Weak Reference
    __Vectors_Size                           0x00000130   Number         0  startup_stm32f10x_hd.o ABSOLUTE
    __Vectors                                0x08000000   Data           4  startup_stm32f10x_hd.o(RESET)
    __Vectors_End                            0x08000130   Data           0  startup_stm32f10x_hd.o(RESET)
    __main                                   0x08000131   Thumb Code     0  entry.o(.ARM.Collect$$$$00000000)
    _main_stk                                0x08000131   Thumb Code     0  entry2.o(.ARM.Collect$$$$00000001)
    _main_scatterload                        0x08000135   Thumb Code     0  entry5.o(.ARM.Collect$$$$00000004)
    __main_after_scatterload                 0x08000139   Thumb Code     0  entry5.o(.ARM.Collect$$$$00000004)
    _main_clock                              0x08000139   Thumb Code     0  entry7b.o(.ARM.Collect$$$$00000008)
    _main_cpp_init                           0x08000139   Thumb Code     0  entry8b.o(.ARM.Collect$$$$0000000A)
    _main_init                               0x08000139   Thumb Code     0  entry9a.o(.ARM.Collect$$$$0000000B)
    __rt_final_cpp                           0x08000141   Thumb Code     0  entry10a.o(.ARM.Collect$$$$0000000D)
    __rt_final_exit                          0x08000141   Thumb Code     0  entry11a.o(.ARM.Collect$$$$0000000F)
    Reset_Handler                            0x08000145   Thumb Code     8  startup_stm32f10x_hd.o(.text)
    ADC1_2_IRQHandler                        0x0800015f   Thumb Code     0  startup_stm32f10x_hd.o(.text)
    ADC3_IRQHandler                          0x0800015f   Thumb Code     0  startup_stm32f10x_hd.o(.text)
    CAN1_RX1_IRQHandler                      0x0800015f   Thumb Code     0  startup_stm32f10x_hd.o(.text)
    CAN1_SCE_IRQHandler                      0x0800015f   Thumb Code     0  startup_stm32f10x_hd.o(.text)
    DMA1_Channel1_IRQHandler                 0x0800015f   Thumb Code     0  startup_stm32f10x_hd.o(.text)
    DMA1_Channel2_IRQHandler                 0x0800015f   Thumb Code     0  startup_stm32f10x_hd.o(.text)
    DMA1_Channel3_IRQHandler                 0x0800015f   Thumb Code     0  startup_stm32f10x_hd.o(.text)
    DMA1_Channel4_IRQHandler                 0x0800015f   Thumb Code     0  startup_stm32f10x_hd.o(.text)
    DMA1_Channel5_IRQHandler                 0x0800015f   Thumb Code     0  startup_stm32f10x_hd.o(.text)
    DMA1_Channel6_IRQHandler                 0x0800015f   Thumb Code     0  startup_stm32f10x_hd.o(.text)
    DMA1_Channel7_IRQHandler                 0x0800015f   Thumb Code     0  startup_stm32f10x_hd.o(.text)
    DMA2_Channel1_IRQHandler                 0x0800015f   Thumb Code     0  startup_stm32f10x_hd.o(.text)
    DMA2_Channel2_IRQHandler                 0x0800015f   Thumb Code     0  startup_stm32f10x_hd.o(.text)
    DMA2_Channel3_IRQHandler                 0x0800015f   Thumb Code     0  startup_stm32f10x_hd.o(.text)
    DMA2_Channel4_5_IRQHandler               0x0800015f   Thumb Code     0  startup_stm32f10x_hd.o(.text)
    EXTI15_10_IRQHandler                     0x0800015f   Thumb Code     0  startup_stm32f10x_hd.o(.text)
    EXTI1_IRQHandler                         0x0800015f   Thumb Code     0  startup_stm32f10x_hd.o(.text)
    EXTI2_IRQHandler                         0x0800015f   Thumb Code     0  startup_stm32f10x_hd.o(.text)
    EXTI3_IRQHandler                         0x0800015f   Thumb Code     0  startup_stm32f10x_hd.o(.text)
    EXTI4_IRQHandler                         0x0800015f   Thumb Code     0  startup_stm32f10x_hd.o(.text)
    EXTI9_5_IRQHandler                       0x0800015f   Thumb Code     0  startup_stm32f10x_hd.o(.text)
    FLASH_IRQHandler                         0x0800015f   Thumb Code     0  startup_stm32f10x_hd.o(.text)
    FSMC_IRQHandler                          0x0800015f   Thumb Code     0  startup_stm32f10x_hd.o(.text)
    I2C1_ER_IRQHandler                       0x0800015f   Thumb Code     0  startup_stm32f10x_hd.o(.text)
    I2C1_EV_IRQHandler                       0x0800015f   Thumb Code     0  startup_stm32f10x_hd.o(.text)
    I2C2_ER_IRQHandler                       0x0800015f   Thumb Code     0  startup_stm32f10x_hd.o(.text)
    I2C2_EV_IRQHandler                       0x0800015f   Thumb Code     0  startup_stm32f10x_hd.o(.text)
    PVD_IRQHandler                           0x0800015f   Thumb Code     0  startup_stm32f10x_hd.o(.text)
    RCC_IRQHandler                           0x0800015f   Thumb Code     0  startup_stm32f10x_hd.o(.text)
    RTCAlarm_IRQHandler                      0x0800015f   Thumb Code     0  startup_stm32f10x_hd.o(.text)
    RTC_IRQHandler                           0x0800015f   Thumb Code     0  startup_stm32f10x_hd.o(.text)
    SDIO_IRQHandler                          0x0800015f   Thumb Code     0  startup_stm32f10x_hd.o(.text)
    SPI1_IRQHandler                          0x0800015f   Thumb Code     0  startup_stm32f10x_hd.o(.text)
    SPI2_IRQHandler                          0x0800015f   Thumb Code     0  startup_stm32f10x_hd.o(.text)
    SPI3_IRQHandler                          0x0800015f   Thumb Code     0  startup_stm32f10x_hd.o(.text)
    TAMPER_IRQHandler                        0x0800015f   Thumb Code     0  startup_stm32f10x_hd.o(.text)
    TIM1_BRK_IRQHandler                      0x0800015f   Thumb Code     0  startup_stm32f10x_hd.o(.text)
    TIM1_CC_IRQHandler                       0x0800015f   Thumb Code     0  startup_stm32f10x_hd.o(.text)
    TIM1_TRG_COM_IRQHandler                  0x0800015f   Thumb Code     0  startup_stm32f10x_hd.o(.text)
    TIM1_UP_IRQHandler                       0x0800015f   Thumb Code     0  startup_stm32f10x_hd.o(.text)
    TIM2_IRQHandler                          0x0800015f   Thumb Code     0  startup_stm32f10x_hd.o(.text)
    TIM3_IRQHandler                          0x0800015f   Thumb Code     0  startup_stm32f10x_hd.o(.text)
    TIM4_IRQHandler                          0x0800015f   Thumb Code     0  startup_stm32f10x_hd.o(.text)
    TIM5_IRQHandler                          0x0800015f   Thumb Code     0  startup_stm32f10x_hd.o(.text)
    TIM6_IRQHandler                          0x0800015f   Thumb Code     0  startup_stm32f10x_hd.o(.text)
    TIM7_IRQHandler                          0x0800015f   Thumb Code     0  startup_stm32f10x_hd.o(.text)
    TIM8_BRK_IRQHandler                      0x0800015f   Thumb Code     0  startup_stm32f10x_hd.o(.text)
    TIM8_CC_IRQHandler                       0x0800015f   Thumb Code     0  startup_stm32f10x_hd.o(.text)
    TIM8_TRG_COM_IRQHandler                  0x0800015f   Thumb Code     0  startup_stm32f10x_hd.o(.text)
    TIM8_UP_IRQHandler                       0x0800015f   Thumb Code     0  startup_stm32f10x_hd.o(.text)
    UART4_IRQHandler                         0x0800015f   Thumb Code     0  startup_stm32f10x_hd.o(.text)
    UART5_IRQHandler                         0x0800015f   Thumb Code     0  startup_stm32f10x_hd.o(.text)
    USART1_IRQHandler                        0x0800015f   Thumb Code     0  startup_stm32f10x_hd.o(.text)
    USART2_IRQHandler                        0x0800015f   Thumb Code     0  startup_stm32f10x_hd.o(.text)
    USART3_IRQHandler                        0x0800015f   Thumb Code     0  startup_stm32f10x_hd.o(.text)
    USBWakeUp_IRQHandler                     0x0800015f   Thumb Code     0  startup_stm32f10x_hd.o(.text)
    USB_HP_CAN1_TX_IRQHandler                0x0800015f   Thumb Code     0  startup_stm32f10x_hd.o(.text)
    USB_LP_CAN1_RX0_IRQHandler               0x0800015f   Thumb Code     0  startup_stm32f10x_hd.o(.text)
    WWDG_IRQHandler                          0x0800015f   Thumb Code     0  startup_stm32f10x_hd.o(.text)
    __aeabi_memset                           0x08000169   Thumb Code    14  memseta.o(.text)
    __aeabi_memset4                          0x08000169   Thumb Code     0  memseta.o(.text)
    __aeabi_memset8                          0x08000169   Thumb Code     0  memseta.o(.text)
    __aeabi_memclr                           0x08000177   Thumb Code     4  memseta.o(.text)
    __aeabi_memclr4                          0x08000177   Thumb Code     0  memseta.o(.text)
    __aeabi_memclr8                          0x08000177   Thumb Code     0  memseta.o(.text)
    _memset$wrapper                          0x0800017b   Thumb Code    18  memseta.o(.text)
    __aeabi_dadd                             0x0800018d   Thumb Code   322  dadd.o(.text)
    __aeabi_dsub                             0x080002cf   Thumb Code     6  dadd.o(.text)
    __aeabi_drsub                            0x080002d5   Thumb Code     6  dadd.o(.text)
    __aeabi_dmul                             0x080002db   Thumb Code   228  dmul.o(.text)
    __aeabi_ui2d                             0x080003bf   Thumb Code    26  dfltui.o(.text)
    __aeabi_f2d                              0x080003d9   Thumb Code    38  f2d.o(.text)
    __aeabi_cdcmpeq                          0x08000401   Thumb Code     0  cdcmple.o(.text)
    __aeabi_cdcmple                          0x08000401   Thumb Code    48  cdcmple.o(.text)
    __aeabi_d2f                              0x08000431   Thumb Code    56  d2f.o(.text)
    __aeabi_cfrcmple                         0x08000469   Thumb Code    20  cfrcmple.o(.text)
    __aeabi_uidiv                            0x0800047d   Thumb Code     0  uidiv.o(.text)
    __aeabi_uidivmod                         0x0800047d   Thumb Code    44  uidiv.o(.text)
    __aeabi_uldivmod                         0x080004a9   Thumb Code    98  uldiv.o(.text)
    __aeabi_llsl                             0x0800050b   Thumb Code    30  llshl.o(.text)
    _ll_shift_l                              0x0800050b   Thumb Code     0  llshl.o(.text)
    __aeabi_lasr                             0x08000529   Thumb Code    36  llsshr.o(.text)
    _ll_sshift_r                             0x08000529   Thumb Code     0  llsshr.o(.text)
    __I$use$fp                               0x0800054d   Thumb Code     0  iusefp.o(.text)
    _float_round                             0x0800054d   Thumb Code    18  fepilogue.o(.text)
    _float_epilogue                          0x0800055f   Thumb Code    92  fepilogue.o(.text)
    _double_round                            0x080005bb   Thumb Code    30  depilogue.o(.text)
    _double_epilogue                         0x080005d9   Thumb Code   156  depilogue.o(.text)
    __aeabi_ddiv                             0x08000675   Thumb Code   222  ddiv.o(.text)
    __aeabi_d2ulz                            0x08000753   Thumb Code    48  dfixul.o(.text)
    __aeabi_cdrcmple                         0x08000785   Thumb Code    48  cdrcmple.o(.text)
    __scatterload                            0x080007b5   Thumb Code    28  init.o(.text)
    __scatterload_rt2                        0x080007b5   Thumb Code     0  init.o(.text)
    __aeabi_llsr                             0x080007d9   Thumb Code    32  llushr.o(.text)
    _ll_ushift_r                             0x080007d9   Thumb Code     0  llushr.o(.text)
    Adjust_if_card_knowm                     0x080007f9   Thumb Code    60  rc522.o(i.Adjust_if_card_knowm)
    After_Found_Card                         0x0800083d   Thumb Code   236  main.o(i.After_Found_Card)
    BUZZER_Init                              0x080009c5   Thumb Code    50  buzzer.o(i.BUZZER_Init)
    BUZZER_Off                               0x080009fd   Thumb Code    14  buzzer.o(i.BUZZER_Off)
    BUZZER_On                                0x08000a11   Thumb Code    14  buzzer.o(i.BUZZER_On)
    BusFault_Handler                         0x08000a25   Thumb Code     4  stm32f10x_it.o(i.BusFault_Handler)
    Change_Use_Mode                          0x08000a29   Thumb Code    36  key_exit.o(i.Change_Use_Mode)
    Change_relay_status                      0x08000a51   Thumb Code    20  relay.o(i.Change_relay_status)
    ClearBitMask                             0x08000a69   Thumb Code    28  rc522.o(i.ClearBitMask)
    DebugMon_Handler                         0x08000a85   Thumb Code     2  stm32f10x_it.o(i.DebugMon_Handler)
    Delay_ms                                 0x08000a99   Thumb Code    26  myspi.o(i.Delay_ms)
    Delay_us                                 0x08000ab9   Thumb Code    34  mlx90614.o(i.Delay_us)
    EXTI0_IRQHandler                         0x08000adb   Thumb Code    18  stm32f10x_it.o(i.EXTI0_IRQHandler)
    EXTI_ClearITPendingBit                   0x08000aed   Thumb Code     6  stm32f10x_exti.o(i.EXTI_ClearITPendingBit)
    EXTI_Init                                0x08000af9   Thumb Code   142  stm32f10x_exti.o(i.EXTI_Init)
    FSMC_NORSRAMCmd                          0x08000b8d   Thumb Code    46  stm32f10x_fsmc.o(i.FSMC_NORSRAMCmd)
    FSMC_NORSRAMInit                         0x08000bc1   Thumb Code   230  stm32f10x_fsmc.o(i.FSMC_NORSRAMInit)
    GPIO_EXTILineConfig                      0x08000ca9   Thumb Code    60  stm32f10x_gpio.o(i.GPIO_EXTILineConfig)
    GPIO_Init                                0x08000ce9   Thumb Code   278  stm32f10x_gpio.o(i.GPIO_Init)
    GPIO_ReadInputDataBit                    0x08000dff   Thumb Code    18  stm32f10x_gpio.o(i.GPIO_ReadInputDataBit)
    GPIO_ResetBits                           0x08000e11   Thumb Code     4  stm32f10x_gpio.o(i.GPIO_ResetBits)
    GPIO_SetBits                             0x08000e15   Thumb Code     4  stm32f10x_gpio.o(i.GPIO_SetBits)
    HardFault_Handler                        0x08000e19   Thumb Code     4  stm32f10x_it.o(i.HardFault_Handler)
    I2C_Read_Byte                            0x08000e1d   Thumb Code   110  mlx90614.o(i.I2C_Read_Byte)
    I2C_Send_Byte                            0x08000e91   Thumb Code   112  mlx90614.o(i.I2C_Send_Byte)
    I2C_Software_GPIO_Init                   0x08000f05   Thumb Code    54  mlx90614.o(i.I2C_Software_GPIO_Init)
    ILI9341_BackLed_Control                  0x08000f41   Thumb Code    30  bsp_ili9341_lcd.o(i.ILI9341_BackLed_Control)
    ILI9341_Clear                            0x08000f65   Thumb Code    40  bsp_ili9341_lcd.o(i.ILI9341_Clear)
    ILI9341_DispChar_EN                      0x08000fa5   Thumb Code   138  bsp_ili9341_lcd.o(i.ILI9341_DispChar_EN)
    ILI9341_DispStringLine_EN                0x0800103d   Thumb Code    92  bsp_ili9341_lcd.o(i.ILI9341_DispStringLine_EN)
    ILI9341_GramScan                         0x080012cd   Thumb Code   208  bsp_ili9341_lcd.o(i.ILI9341_GramScan)
    ILI9341_Init                             0x080013ad   Thumb Code    48  bsp_ili9341_lcd.o(i.ILI9341_Init)
    ILI9341_OpenWindow                       0x080013e1   Thumb Code    96  bsp_ili9341_lcd.o(i.ILI9341_OpenWindow)
    ILI9341_ReadID                           0x08001891   Thumb Code   108  bsp_ili9341_lcd.o(i.ILI9341_ReadID)
    ILI9341_Read_Data                        0x08001901   Thumb Code     6  bsp_ili9341_lcd.o(i.ILI9341_Read_Data)
    ILI9341_Rst                              0x0800190d   Thumb Code    36  bsp_ili9341_lcd.o(i.ILI9341_Rst)
    ILI9341_Write_Cmd                        0x08001935   Thumb Code     8  bsp_ili9341_lcd.o(i.ILI9341_Write_Cmd)
    ILI9341_Write_Data                       0x0800193d   Thumb Code     6  bsp_ili9341_lcd.o(i.ILI9341_Write_Data)
    KEY_EXTI_Init                            0x08001949   Thumb Code   114  key_exit.o(i.KEY_EXTI_Init)
    LCD_GetFont                              0x080019c1   Thumb Code     6  bsp_ili9341_lcd.o(i.LCD_GetFont)
    LCD_SetColors                            0x080019cd   Thumb Code    10  bsp_ili9341_lcd.o(i.LCD_SetColors)
    LCD_SetFont                              0x080019e1   Thumb Code     6  bsp_ili9341_lcd.o(i.LCD_SetFont)
    LCD_screen_fonts_init                    0x080019ed   Thumb Code    46  bsp_ili9341_lcd.o(i.LCD_screen_fonts_init)
    LED_AllOff                               0x08001a2d   Thumb Code    12  led.o(i.LED_AllOff)
    LED_Blue_On                              0x08001a3d   Thumb Code    20  led.o(i.LED_Blue_On)
    LED_Cyan_On                              0x08001a55   Thumb Code    20  led.o(i.LED_Cyan_On)
    LED_Flash                                0x08001a6d   Thumb Code   288  led.o(i.LED_Flash)
    LED_Green_On                             0x08001b8d   Thumb Code    20  led.o(i.LED_Green_On)
    LED_Init                                 0x08001ba5   Thumb Code    46  led.o(i.LED_Init)
    LED_Purple_On                            0x08001bd9   Thumb Code    20  led.o(i.LED_Purple_On)
    LED_Red_On                               0x08001bf1   Thumb Code    20  led.o(i.LED_Red_On)
    LED_White_On                             0x08001c09   Thumb Code    12  led.o(i.LED_White_On)
    LED_Yellow_On                            0x08001c19   Thumb Code    20  led.o(i.LED_Yellow_On)
    M500PcdConfigISOType                     0x08001c31   Thumb Code    92  rc522.o(i.M500PcdConfigISOType)
    MLX90614_STOP                            0x08001c8d   Thumb Code    42  mlx90614.o(i.MLX90614_STOP)
    MLX90614_Send_COMMAND                    0x08001cb7   Thumb Code    10  mlx90614.o(i.MLX90614_Send_COMMAND)
    MLX90614_Send_SA_R                       0x08001cc1   Thumb Code    10  mlx90614.o(i.MLX90614_Send_SA_R)
    MLX90614_Send_SA_W                       0x08001ccb   Thumb Code    10  mlx90614.o(i.MLX90614_Send_SA_W)
    MLX906_START                             0x08001cd5   Thumb Code    42  mlx90614.o(i.MLX906_START)
    MLX9_LCD_show_temperature                0x08001d01   Thumb Code   150  mlx90614.o(i.MLX9_LCD_show_temperature)
    MemManage_Handler                        0x08001dc1   Thumb Code     4  stm32f10x_it.o(i.MemManage_Handler)
    MySPI_Init                               0x08001dc5   Thumb Code    72  myspi.o(i.MySPI_Init)
    MySPI_WriteCS                            0x08001e11   Thumb Code    26  myspi.o(i.MySPI_WriteCS)
    MySPI_WriteSCK                           0x08001e31   Thumb Code    26  myspi.o(i.MySPI_WriteSCK)
    NMI_Handler                              0x08001e51   Thumb Code     2  stm32f10x_it.o(i.NMI_Handler)
    NVIC_Init                                0x08001e55   Thumb Code   100  misc.o(i.NVIC_Init)
    NVIC_PriorityGroupConfig                 0x08001ec5   Thumb Code    10  misc.o(i.NVIC_PriorityGroupConfig)
    PcdAntennaOff                            0x08001ed9   Thumb Code    12  rc522.o(i.PcdAntennaOff)
    PcdAntennaOn                             0x08001ee5   Thumb Code    26  rc522.o(i.PcdAntennaOn)
    PcdAnticoll                              0x08001eff   Thumb Code   112  rc522.o(i.PcdAnticoll)
    PcdComMF522                              0x08001f6f   Thumb Code   306  rc522.o(i.PcdComMF522)
    PcdRequest                               0x080020a1   Thumb Code    84  rc522.o(i.PcdRequest)
    PcdReset                                 0x080020f5   Thumb Code   116  rc522.o(i.PcdReset)
    PendSV_Handler                           0x0800216d   Thumb Code     2  stm32f10x_it.o(i.PendSV_Handler)
    RCC_AHBPeriphClockCmd                    0x08002171   Thumb Code    26  stm32f10x_rcc.o(i.RCC_AHBPeriphClockCmd)
    RCC_APB2PeriphClockCmd                   0x08002191   Thumb Code    26  stm32f10x_rcc.o(i.RCC_APB2PeriphClockCmd)
    RFID_Init                                0x080021b1   Thumb Code    22  rc522.o(i.RFID_Init)
    RST_refresh                              0x080021c9   Thumb Code    36  myspi.o(i.RST_refresh)
    Rc522Test                                0x080021f1   Thumb Code   236  rc522.o(i.Rc522Test)
    ReadRawRC                                0x08002381   Thumb Code   152  rc522.o(i.ReadRawRC)
    Relay_GPIO_Config                        0x0800241d   Thumb Code    50  relay.o(i.Relay_GPIO_Config)
    Relay_Off                                0x08002455   Thumb Code    20  relay.o(i.Relay_Off)
    Relay_On                                 0x08002471   Thumb Code    20  relay.o(i.Relay_On)
    SVC_Handler                              0x0800248d   Thumb Code     2  stm32f10x_it.o(i.SVC_Handler)
    SetBitMask                               0x0800248f   Thumb Code    28  rc522.o(i.SetBitMask)
    Set_SCL_Output_High                      0x08002595   Thumb Code    12  mlx90614.o(i.Set_SCL_Output_High)
    Set_SCL_Output_Low                       0x080025a5   Thumb Code    12  mlx90614.o(i.Set_SCL_Output_Low)
    Set_SDA_Input_Mode                       0x080025b5   Thumb Code    30  mlx90614.o(i.Set_SDA_Input_Mode)
    Set_SDA_Output_High                      0x080025d9   Thumb Code    12  mlx90614.o(i.Set_SDA_Output_High)
    Set_SDA_Output_Low                       0x080025e9   Thumb Code    12  mlx90614.o(i.Set_SDA_Output_Low)
    Set_SDA_Output_OpenDrain                 0x080025f9   Thumb Code    30  mlx90614.o(i.Set_SDA_Output_OpenDrain)
    Show_User_Mode                           0x0800261d   Thumb Code   178  main.o(i.Show_User_Mode)
    SysTick_Handler                          0x080027a9   Thumb Code     2  stm32f10x_it.o(i.SysTick_Handler)
    SystemInit                               0x080027ad   Thumb Code    78  system_stm32f10x.o(i.SystemInit)
    UsageFault_Handler                       0x0800280d   Thumb Code     4  stm32f10x_it.o(i.UsageFault_Handler)
    WriteRawRC                               0x08002811   Thumb Code   162  rc522.o(i.WriteRawRC)
    __0sprintf                               0x080028b9   Thumb Code    34  printfa.o(i.__0sprintf)
    __1sprintf                               0x080028b9   Thumb Code     0  printfa.o(i.__0sprintf)
    __2sprintf                               0x080028b9   Thumb Code     0  printfa.o(i.__0sprintf)
    __c89sprintf                             0x080028b9   Thumb Code     0  printfa.o(i.__0sprintf)
    sprintf                                  0x080028b9   Thumb Code     0  printfa.o(i.__0sprintf)
    __scatterload_copy                       0x080028e1   Thumb Code    14  handlers.o(i.__scatterload_copy)
    __scatterload_null                       0x080028ef   Thumb Code     2  handlers.o(i.__scatterload_null)
    __scatterload_zeroinit                   0x080028f1   Thumb Code    14  handlers.o(i.__scatterload_zeroinit)
    delay_10ms                               0x080031bd   Thumb Code    26  delay.o(i.delay_10ms)
    main                                     0x080031d9   Thumb Code   198  main.o(i.main)
    ASCII8x16_Table                          0x080032b0   Data        1520  fonts.o(.constdata)
    ASCII16x24_Table                         0x080038a0   Data        4560  fonts.o(.constdata)
    ASCII24x32_Table                         0x08004a70   Data        9120  fonts.o(.constdata)
    Region$$Table$$Base                      0x08006e10   Number         0  anon$$obj.o(Region$$Table)
    Region$$Table$$Limit                     0x08006e30   Number         0  anon$$obj.o(Region$$Table)
    id_find_card                             0x20000000   Data           1  main.o(.data)
    Now_Card_UID                             0x20000001   Data           4  main.o(.data)
    temperature                              0x20000008   Data           4  main.o(.data)
    now_temp                                 0x2000000c   Data           4  main.o(.data)
    measure_body_temperature                 0x20000010   Data           4  main.o(.data)
    USER_MODE                                0x20000014   Data           4  main.o(.data)
    Is_relay_on                              0x20000018   Data           4  main.o(.data)
    LCD_X_LENGTH                             0x2000001c   Data           2  bsp_ili9341_lcd.o(.data)
    LCD_Y_LENGTH                             0x2000001e   Data           2  bsp_ili9341_lcd.o(.data)
    LCD_SCAN_MODE                            0x20000020   Data           1  bsp_ili9341_lcd.o(.data)
    lcdid                                    0x20000022   Data           2  bsp_ili9341_lcd.o(.data)
    Font8x16                                 0x20000030   Data           8  fonts.o(.data)
    Font16x24                                0x20000038   Data           8  fonts.o(.data)
    Font24x32                                0x20000040   Data           8  fonts.o(.data)
    known_UIDs                               0x20000048   Data          20  rc522.o(.data)
    UID                                      0x2000005c   Data           4  rc522.o(.data)
    Temp                                     0x20000060   Data           4  rc522.o(.data)
    UI0                                      0x20000064   Data           4  rc522.o(.data)
    UI1                                      0x20000068   Data           4  rc522.o(.data)
    UI2                                      0x2000006c   Data           4  rc522.o(.data)
    UI3                                      0x20000070   Data           4  rc522.o(.data)
    __initial_sp                             0x20000478   Data           0  startup_stm32f10x_hd.o(STACK)



==============================================================================

Memory Map of the image

  Image Entry point : 0x08000131

  Load Region LR_IROM1 (Base: 0x08000000, Size: 0x00006ea8, Max: 0x00080000, ABSOLUTE)

    Execution Region ER_IROM1 (Exec base: 0x08000000, Load base: 0x08000000, Size: 0x00006e30, Max: 0x00080000, ABSOLUTE)

    Exec Addr    Load Addr    Size         Type   Attr      Idx    E Section Name        Object

    0x08000000   0x08000000   0x00000130   Data   RO            3    RESET               startup_stm32f10x_hd.o
    0x08000130   0x08000130   0x00000000   Code   RO         4041  * .ARM.Collect$$$$00000000  mc_w.l(entry.o)
    0x08000130   0x08000130   0x00000004   Code   RO         4323    .ARM.Collect$$$$00000001  mc_w.l(entry2.o)
    0x08000134   0x08000134   0x00000004   Code   RO         4326    .ARM.Collect$$$$00000004  mc_w.l(entry5.o)
    0x08000138   0x08000138   0x00000000   Code   RO         4328    .ARM.Collect$$$$00000008  mc_w.l(entry7b.o)
    0x08000138   0x08000138   0x00000000   Code   RO         4330    .ARM.Collect$$$$0000000A  mc_w.l(entry8b.o)
    0x08000138   0x08000138   0x00000008   Code   RO         4331    .ARM.Collect$$$$0000000B  mc_w.l(entry9a.o)
    0x08000140   0x08000140   0x00000000   Code   RO         4333    .ARM.Collect$$$$0000000D  mc_w.l(entry10a.o)
    0x08000140   0x08000140   0x00000000   Code   RO         4335    .ARM.Collect$$$$0000000F  mc_w.l(entry11a.o)
    0x08000140   0x08000140   0x00000004   Code   RO         4324    .ARM.Collect$$$$00002712  mc_w.l(entry2.o)
    0x08000144   0x08000144   0x00000024   Code   RO            4    .text               startup_stm32f10x_hd.o
    0x08000168   0x08000168   0x00000024   Code   RO         4044    .text               mc_w.l(memseta.o)
    0x0800018c   0x0800018c   0x0000014e   Code   RO         4307    .text               mf_w.l(dadd.o)
    0x080002da   0x080002da   0x000000e4   Code   RO         4309    .text               mf_w.l(dmul.o)
    0x080003be   0x080003be   0x0000001a   Code   RO         4311    .text               mf_w.l(dfltui.o)
    0x080003d8   0x080003d8   0x00000026   Code   RO         4313    .text               mf_w.l(f2d.o)
    0x080003fe   0x080003fe   0x00000002   PAD
    0x08000400   0x08000400   0x00000030   Code   RO         4315    .text               mf_w.l(cdcmple.o)
    0x08000430   0x08000430   0x00000038   Code   RO         4317    .text               mf_w.l(d2f.o)
    0x08000468   0x08000468   0x00000014   Code   RO         4321    .text               mf_w.l(cfrcmple.o)
    0x0800047c   0x0800047c   0x0000002c   Code   RO         4338    .text               mc_w.l(uidiv.o)
    0x080004a8   0x080004a8   0x00000062   Code   RO         4340    .text               mc_w.l(uldiv.o)
    0x0800050a   0x0800050a   0x0000001e   Code   RO         4342    .text               mc_w.l(llshl.o)
    0x08000528   0x08000528   0x00000024   Code   RO         4344    .text               mc_w.l(llsshr.o)
    0x0800054c   0x0800054c   0x00000000   Code   RO         4346    .text               mc_w.l(iusefp.o)
    0x0800054c   0x0800054c   0x0000006e   Code   RO         4347    .text               mf_w.l(fepilogue.o)
    0x080005ba   0x080005ba   0x000000ba   Code   RO         4349    .text               mf_w.l(depilogue.o)
    0x08000674   0x08000674   0x000000de   Code   RO         4351    .text               mf_w.l(ddiv.o)
    0x08000752   0x08000752   0x00000030   Code   RO         4353    .text               mf_w.l(dfixul.o)
    0x08000782   0x08000782   0x00000002   PAD
    0x08000784   0x08000784   0x00000030   Code   RO         4355    .text               mf_w.l(cdrcmple.o)
    0x080007b4   0x080007b4   0x00000024   Code   RO         4357    .text               mc_w.l(init.o)
    0x080007d8   0x080007d8   0x00000020   Code   RO         4359    .text               mc_w.l(llushr.o)
    0x080007f8   0x080007f8   0x00000044   Code   RO         3513    i.Adjust_if_card_knowm  rc522.o
    0x0800083c   0x0800083c   0x00000188   Code   RO         3098    i.After_Found_Card  main.o
    0x080009c4   0x080009c4   0x00000038   Code   RO         3873    i.BUZZER_Init       buzzer.o
    0x080009fc   0x080009fc   0x00000014   Code   RO         3874    i.BUZZER_Off        buzzer.o
    0x08000a10   0x08000a10   0x00000014   Code   RO         3875    i.BUZZER_On         buzzer.o
    0x08000a24   0x08000a24   0x00000004   Code   RO         3181    i.BusFault_Handler  stm32f10x_it.o
    0x08000a28   0x08000a28   0x00000028   Code   RO         3992    i.Change_Use_Mode   key_exit.o
    0x08000a50   0x08000a50   0x00000018   Code   RO         4011    i.Change_relay_status  relay.o
    0x08000a68   0x08000a68   0x0000001c   Code   RO         3515    i.ClearBitMask      rc522.o
    0x08000a84   0x08000a84   0x00000002   Code   RO         3182    i.DebugMon_Handler  stm32f10x_it.o
    0x08000a86   0x08000a86   0x00000012   Code   RO         3099    i.Delay             main.o
    0x08000a98   0x08000a98   0x00000020   Code   RO         3673    i.Delay_ms          myspi.o
    0x08000ab8   0x08000ab8   0x00000022   Code   RO         3745    i.Delay_us          mlx90614.o
    0x08000ada   0x08000ada   0x00000012   Code   RO         3183    i.EXTI0_IRQHandler  stm32f10x_it.o
    0x08000aec   0x08000aec   0x0000000c   Code   RO          929    i.EXTI_ClearITPendingBit  stm32f10x_exti.o
    0x08000af8   0x08000af8   0x00000094   Code   RO          934    i.EXTI_Init         stm32f10x_exti.o
    0x08000b8c   0x08000b8c   0x00000034   Code   RO         1167    i.FSMC_NORSRAMCmd   stm32f10x_fsmc.o
    0x08000bc0   0x08000bc0   0x000000e6   Code   RO         1169    i.FSMC_NORSRAMInit  stm32f10x_fsmc.o
    0x08000ca6   0x08000ca6   0x00000002   PAD
    0x08000ca8   0x08000ca8   0x00000040   Code   RO         1279    i.GPIO_EXTILineConfig  stm32f10x_gpio.o
    0x08000ce8   0x08000ce8   0x00000116   Code   RO         1282    i.GPIO_Init         stm32f10x_gpio.o
    0x08000dfe   0x08000dfe   0x00000012   Code   RO         1286    i.GPIO_ReadInputDataBit  stm32f10x_gpio.o
    0x08000e10   0x08000e10   0x00000004   Code   RO         1289    i.GPIO_ResetBits    stm32f10x_gpio.o
    0x08000e14   0x08000e14   0x00000004   Code   RO         1290    i.GPIO_SetBits      stm32f10x_gpio.o
    0x08000e18   0x08000e18   0x00000004   Code   RO         3184    i.HardFault_Handler  stm32f10x_it.o
    0x08000e1c   0x08000e1c   0x00000074   Code   RO         3746    i.I2C_Read_Byte     mlx90614.o
    0x08000e90   0x08000e90   0x00000074   Code   RO         3747    i.I2C_Send_Byte     mlx90614.o
    0x08000f04   0x08000f04   0x0000003c   Code   RO         3748    i.I2C_Software_GPIO_Init  mlx90614.o
    0x08000f40   0x08000f40   0x00000024   Code   RO         3258    i.ILI9341_BackLed_Control  bsp_ili9341_lcd.o
    0x08000f64   0x08000f64   0x0000002c   Code   RO         3259    i.ILI9341_Clear     bsp_ili9341_lcd.o
    0x08000f90   0x08000f90   0x00000012   Code   RO         3260    i.ILI9341_Delay     bsp_ili9341_lcd.o
    0x08000fa2   0x08000fa2   0x00000002   PAD
    0x08000fa4   0x08000fa4   0x00000098   Code   RO         3261    i.ILI9341_DispChar_EN  bsp_ili9341_lcd.o
    0x0800103c   0x0800103c   0x00000068   Code   RO         3262    i.ILI9341_DispStringLine_EN  bsp_ili9341_lcd.o
    0x080010a4   0x080010a4   0x0000006e   Code   RO         3268    i.ILI9341_FSMC_Config  bsp_ili9341_lcd.o
    0x08001112   0x08001112   0x00000020   Code   RO         3269    i.ILI9341_FillColor  bsp_ili9341_lcd.o
    0x08001132   0x08001132   0x00000002   PAD
    0x08001134   0x08001134   0x00000198   Code   RO         3270    i.ILI9341_GPIO_Config  bsp_ili9341_lcd.o
    0x080012cc   0x080012cc   0x000000e0   Code   RO         3272    i.ILI9341_GramScan  bsp_ili9341_lcd.o
    0x080013ac   0x080013ac   0x00000034   Code   RO         3273    i.ILI9341_Init      bsp_ili9341_lcd.o
    0x080013e0   0x080013e0   0x00000060   Code   RO         3274    i.ILI9341_OpenWindow  bsp_ili9341_lcd.o
    0x08001440   0x08001440   0x00000450   Code   RO         3275    i.ILI9341_REG_Config  bsp_ili9341_lcd.o
    0x08001890   0x08001890   0x00000070   Code   RO         3276    i.ILI9341_ReadID    bsp_ili9341_lcd.o
    0x08001900   0x08001900   0x0000000c   Code   RO         3453    i.ILI9341_Read_Data  bsp_ili9341_lcd.o
    0x0800190c   0x0800190c   0x00000028   Code   RO         3278    i.ILI9341_Rst       bsp_ili9341_lcd.o
    0x08001934   0x08001934   0x00000008   Code   RO         3443    i.ILI9341_Write_Cmd  bsp_ili9341_lcd.o
    0x0800193c   0x0800193c   0x0000000c   Code   RO         3448    i.ILI9341_Write_Data  bsp_ili9341_lcd.o
    0x08001948   0x08001948   0x00000078   Code   RO         3993    i.KEY_EXTI_Init     key_exit.o
    0x080019c0   0x080019c0   0x0000000c   Code   RO         3283    i.LCD_GetFont       bsp_ili9341_lcd.o
    0x080019cc   0x080019cc   0x00000014   Code   RO         3285    i.LCD_SetColors     bsp_ili9341_lcd.o
    0x080019e0   0x080019e0   0x0000000c   Code   RO         3286    i.LCD_SetFont       bsp_ili9341_lcd.o
    0x080019ec   0x080019ec   0x00000040   Code   RO         3288    i.LCD_screen_fonts_init  bsp_ili9341_lcd.o
    0x08001a2c   0x08001a2c   0x00000010   Code   RO         3914    i.LED_AllOff        led.o
    0x08001a3c   0x08001a3c   0x00000018   Code   RO         3916    i.LED_Blue_On       led.o
    0x08001a54   0x08001a54   0x00000018   Code   RO         3917    i.LED_Cyan_On       led.o
    0x08001a6c   0x08001a6c   0x00000120   Code   RO         3918    i.LED_Flash         led.o
    0x08001b8c   0x08001b8c   0x00000018   Code   RO         3919    i.LED_Green_On      led.o
    0x08001ba4   0x08001ba4   0x00000034   Code   RO         3920    i.LED_Init          led.o
    0x08001bd8   0x08001bd8   0x00000018   Code   RO         3921    i.LED_Purple_On     led.o
    0x08001bf0   0x08001bf0   0x00000018   Code   RO         3922    i.LED_Red_On        led.o
    0x08001c08   0x08001c08   0x00000010   Code   RO         3924    i.LED_White_On      led.o
    0x08001c18   0x08001c18   0x00000018   Code   RO         3925    i.LED_Yellow_On     led.o
    0x08001c30   0x08001c30   0x0000005c   Code   RO         3516    i.M500PcdConfigISOType  rc522.o
    0x08001c8c   0x08001c8c   0x0000002a   Code   RO         3749    i.MLX90614_STOP     mlx90614.o
    0x08001cb6   0x08001cb6   0x0000000a   Code   RO         3750    i.MLX90614_Send_COMMAND  mlx90614.o
    0x08001cc0   0x08001cc0   0x0000000a   Code   RO         3751    i.MLX90614_Send_SA_R  mlx90614.o
    0x08001cca   0x08001cca   0x0000000a   Code   RO         3752    i.MLX90614_Send_SA_W  mlx90614.o
    0x08001cd4   0x08001cd4   0x0000002a   Code   RO         3754    i.MLX906_START      mlx90614.o
    0x08001cfe   0x08001cfe   0x00000002   PAD
    0x08001d00   0x08001d00   0x000000c0   Code   RO         3755    i.MLX9_LCD_show_temperature  mlx90614.o
    0x08001dc0   0x08001dc0   0x00000004   Code   RO         3185    i.MemManage_Handler  stm32f10x_it.o
    0x08001dc4   0x08001dc4   0x0000004c   Code   RO         3674    i.MySPI_Init        myspi.o
    0x08001e10   0x08001e10   0x00000020   Code   RO         3678    i.MySPI_WriteCS     myspi.o
    0x08001e30   0x08001e30   0x00000020   Code   RO         3681    i.MySPI_WriteSCK    myspi.o
    0x08001e50   0x08001e50   0x00000002   Code   RO         3186    i.NMI_Handler       stm32f10x_it.o
    0x08001e52   0x08001e52   0x00000002   PAD
    0x08001e54   0x08001e54   0x00000070   Code   RO          127    i.NVIC_Init         misc.o
    0x08001ec4   0x08001ec4   0x00000014   Code   RO          128    i.NVIC_PriorityGroupConfig  misc.o
    0x08001ed8   0x08001ed8   0x0000000c   Code   RO         3517    i.PcdAntennaOff     rc522.o
    0x08001ee4   0x08001ee4   0x0000001a   Code   RO         3518    i.PcdAntennaOn      rc522.o
    0x08001efe   0x08001efe   0x00000070   Code   RO         3519    i.PcdAnticoll       rc522.o
    0x08001f6e   0x08001f6e   0x00000132   Code   RO         3521    i.PcdComMF522       rc522.o
    0x080020a0   0x080020a0   0x00000054   Code   RO         3525    i.PcdRequest        rc522.o
    0x080020f4   0x080020f4   0x00000078   Code   RO         3526    i.PcdReset          rc522.o
    0x0800216c   0x0800216c   0x00000002   Code   RO         3187    i.PendSV_Handler    stm32f10x_it.o
    0x0800216e   0x0800216e   0x00000002   PAD
    0x08002170   0x08002170   0x00000020   Code   RO         1697    i.RCC_AHBPeriphClockCmd  stm32f10x_rcc.o
    0x08002190   0x08002190   0x00000020   Code   RO         1700    i.RCC_APB2PeriphClockCmd  stm32f10x_rcc.o
    0x080021b0   0x080021b0   0x00000016   Code   RO         3530    i.RFID_Init         rc522.o
    0x080021c6   0x080021c6   0x00000002   PAD
    0x080021c8   0x080021c8   0x00000028   Code   RO         3683    i.RST_refresh       myspi.o
    0x080021f0   0x080021f0   0x00000190   Code   RO         3531    i.Rc522Test         rc522.o
    0x08002380   0x08002380   0x0000009c   Code   RO         3532    i.ReadRawRC         rc522.o
    0x0800241c   0x0800241c   0x00000038   Code   RO         4012    i.Relay_GPIO_Config  relay.o
    0x08002454   0x08002454   0x0000001c   Code   RO         4013    i.Relay_Off         relay.o
    0x08002470   0x08002470   0x0000001c   Code   RO         4014    i.Relay_On          relay.o
    0x0800248c   0x0800248c   0x00000002   Code   RO         3188    i.SVC_Handler       stm32f10x_it.o
    0x0800248e   0x0800248e   0x0000001c   Code   RO         3533    i.SetBitMask        rc522.o
    0x080024aa   0x080024aa   0x00000008   Code   RO           10    i.SetSysClock       system_stm32f10x.o
    0x080024b2   0x080024b2   0x00000002   PAD
    0x080024b4   0x080024b4   0x000000e0   Code   RO           11    i.SetSysClockTo72   system_stm32f10x.o
    0x08002594   0x08002594   0x00000010   Code   RO         3756    i.Set_SCL_Output_High  mlx90614.o
    0x080025a4   0x080025a4   0x00000010   Code   RO         3757    i.Set_SCL_Output_Low  mlx90614.o
    0x080025b4   0x080025b4   0x00000024   Code   RO         3758    i.Set_SDA_Input_Mode  mlx90614.o
    0x080025d8   0x080025d8   0x00000010   Code   RO         3759    i.Set_SDA_Output_High  mlx90614.o
    0x080025e8   0x080025e8   0x00000010   Code   RO         3760    i.Set_SDA_Output_Low  mlx90614.o
    0x080025f8   0x080025f8   0x00000024   Code   RO         3762    i.Set_SDA_Output_OpenDrain  mlx90614.o
    0x0800261c   0x0800261c   0x0000018c   Code   RO         3101    i.Show_User_Mode    main.o
    0x080027a8   0x080027a8   0x00000002   Code   RO         3189    i.SysTick_Handler   stm32f10x_it.o
    0x080027aa   0x080027aa   0x00000002   PAD
    0x080027ac   0x080027ac   0x00000060   Code   RO           13    i.SystemInit        system_stm32f10x.o
    0x0800280c   0x0800280c   0x00000004   Code   RO         3190    i.UsageFault_Handler  stm32f10x_it.o
    0x08002810   0x08002810   0x000000a8   Code   RO         3536    i.WriteRawRC        rc522.o
    0x080028b8   0x080028b8   0x00000028   Code   RO         4281    i.__0sprintf        mc_w.l(printfa.o)
    0x080028e0   0x080028e0   0x0000000e   Code   RO         4363    i.__scatterload_copy  mc_w.l(handlers.o)
    0x080028ee   0x080028ee   0x00000002   Code   RO         4364    i.__scatterload_null  mc_w.l(handlers.o)
    0x080028f0   0x080028f0   0x0000000e   Code   RO         4365    i.__scatterload_zeroinit  mc_w.l(handlers.o)
    0x080028fe   0x080028fe   0x00000002   PAD
    0x08002900   0x08002900   0x00000184   Code   RO         4286    i._fp_digits        mc_w.l(printfa.o)
    0x08002a84   0x08002a84   0x000006dc   Code   RO         4287    i._printf_core      mc_w.l(printfa.o)
    0x08003160   0x08003160   0x00000024   Code   RO         4288    i._printf_post_padding  mc_w.l(printfa.o)
    0x08003184   0x08003184   0x0000002e   Code   RO         4289    i._printf_pre_padding  mc_w.l(printfa.o)
    0x080031b2   0x080031b2   0x0000000a   Code   RO         4291    i._sputc            mc_w.l(printfa.o)
    0x080031bc   0x080031bc   0x0000001a   Code   RO         3902    i.delay_10ms        delay.o
    0x080031d6   0x080031d6   0x00000002   PAD
    0x080031d8   0x080031d8   0x000000d8   Code   RO         3103    i.main              main.o
    0x080032b0   0x080032b0   0x00003b60   Data   RO         3500    .constdata          fonts.o
    0x08006e10   0x08006e10   0x00000020   Data   RO         4361    Region$$Table       anon$$obj.o


    Execution Region RW_IRAM1 (Exec base: 0x20000000, Load base: 0x08006e30, Size: 0x00000478, Max: 0x00010000, ABSOLUTE)

    Exec Addr    Load Addr    Size         Type   Attr      Idx    E Section Name        Object

    0x20000000   0x08006e30   0x0000001c   Data   RW         3104    .data               main.o
    0x2000001c   0x08006e4c   0x00000011   Data   RW         3289    .data               bsp_ili9341_lcd.o
    0x2000002d   0x08006e5d   0x00000003   PAD
    0x20000030   0x08006e60   0x00000018   Data   RW         3501    .data               fonts.o
    0x20000048   0x08006e78   0x00000030   Data   RW         3538    .data               rc522.o
    0x20000078        -       0x00000400   Zero   RW            1    STACK               startup_stm32f10x_hd.o


==============================================================================

Image component sizes


      Code (inc. data)   RO Data    RW Data    ZI Data      Debug   Object Name

      2672        142          0         17          0      15415   bsp_ili9341_lcd.o
        96         18          0          0          0       1467   buzzer.o
        26          0          0          0          0        545   delay.o
         0          0      15200         24          0       1421   fonts.o
       160         10          0          0          0       1122   key_exit.o
       516         38          0          0          0       5271   led.o
      1022        392          0         28          0       4162   main.o
       132         22          0          0          0       1663   misc.o
       768         86          0          0          0       8895   mlx90614.o
       212         26          0          0          0       2695   myspi.o
      1622        186          0         48          0      10944   rc522.o
       136         26          0          0          0       1989   relay.o
        36          8        304          0       1024        892   startup_stm32f10x_hd.o
       160         12          0          0          0       1629   stm32f10x_exti.o
       282          6          0          0          0       1941   stm32f10x_fsmc.o
       368          4          0          0          0       4522   stm32f10x_gpio.o
        44          0          0          0          0       4749   stm32f10x_it.o
        64         12          0          0          0       1221   stm32f10x_rcc.o
       328         28          0          0          0     230181   system_stm32f10x.o

    ----------------------------------------------------------------------
      8664       1016      15536        120       1024     300724   Object Totals
         0          0         32          0          0          0   (incl. Generated)
        20          0          0          3          0          0   (incl. Padding)

    ----------------------------------------------------------------------

      Code (inc. data)   RO Data    RW Data    ZI Data      Debug   Library Member Name

         0          0          0          0          0          0   entry.o
         0          0          0          0          0          0   entry10a.o
         0          0          0          0          0          0   entry11a.o
         8          4          0          0          0          0   entry2.o
         4          0          0          0          0          0   entry5.o
         0          0          0          0          0          0   entry7b.o
         0          0          0          0          0          0   entry8b.o
         8          4          0          0          0          0   entry9a.o
        30          0          0          0          0          0   handlers.o
        36          8          0          0          0         68   init.o
         0          0          0          0          0          0   iusefp.o
        30          0          0          0          0         68   llshl.o
        36          0          0          0          0         68   llsshr.o
        32          0          0          0          0         68   llushr.o
        36          0          0          0          0        108   memseta.o
      2276         86          0          0          0        520   printfa.o
        44          0          0          0          0         80   uidiv.o
        98          0          0          0          0         92   uldiv.o
        48          0          0          0          0         68   cdcmple.o
        48          0          0          0          0         68   cdrcmple.o
        20          0          0          0          0         68   cfrcmple.o
        56          0          0          0          0         88   d2f.o
       334          0          0          0          0        148   dadd.o
       222          0          0          0          0        100   ddiv.o
       186          0          0          0          0        176   depilogue.o
        48          0          0          0          0         68   dfixul.o
        26          0          0          0          0         76   dfltui.o
       228          0          0          0          0         96   dmul.o
        38          0          0          0          0         68   f2d.o
       110          0          0          0          0        168   fepilogue.o

    ----------------------------------------------------------------------
      4008        102          0          0          0       2264   Library Totals
         6          0          0          0          0          0   (incl. Padding)

    ----------------------------------------------------------------------

      Code (inc. data)   RO Data    RW Data    ZI Data      Debug   Library Name

      2638        102          0          0          0       1072   mc_w.l
      1364          0          0          0          0       1192   mf_w.l

    ----------------------------------------------------------------------
      4008        102          0          0          0       2264   Library Totals

    ----------------------------------------------------------------------

==============================================================================


      Code (inc. data)   RO Data    RW Data    ZI Data      Debug   

     12672       1118      15536        120       1024     296692   Grand Totals
     12672       1118      15536        120       1024     296692   ELF Image Totals
     12672       1118      15536        120          0          0   ROM Totals

==============================================================================

    Total RO  Size (Code + RO Data)                28208 (  27.55kB)
    Total RW  Size (RW Data + ZI Data)              1144 (   1.12kB)
    Total ROM Size (Code + RO Data + RW Data)      28328 (  27.66kB)

==============================================================================

